Archive member included to satisfy reference by file (symbol)

/Applications/VEXcode Pro V5.app/Contents/Resources/sdk/vexv5/libv5rt.a(v5_startup.c.obj)
                              (vexStartup)
/Applications/VEXcode Pro V5.app/Contents/Resources/sdk/vexv5/libv5rt.a(v5_util.c.obj)
                              /Applications/VEXcode Pro V5.app/Contents/Resources/sdk/vexv5/libv5rt.a(v5_startup.c.obj) (vexStdlibVersionLinked)
/Applications/VEXcode Pro V5.app/Contents/Resources/sdk/vexv5/libv5rt.a(v5_apijump.c.obj)
                              /Applications/VEXcode Pro V5.app/Contents/Resources/sdk/vexv5/libv5rt.a(v5_startup.c.obj) (vexPrivateApiEnable)
/Applications/VEXcode Pro V5.app/Contents/Resources/sdk/vexv5/libv5rt.a(v5_apiversions.c.obj)
                              /Applications/VEXcode Pro V5.app/Contents/Resources/sdk/vexv5/libv5rt.a(v5_apijump.c.obj) (vexSystemVersion)
/Applications/VEXcode Pro V5.app/Contents/Resources/sdk/vexv5/libv5rt.a(vex_global.cpp.obj)
                              build/src/main.o (vex::PORT22)
/Applications/VEXcode Pro V5.app/Contents/Resources/sdk/vexv5/libv5rt.a(vex_motor.cpp.obj)
                              build/src/main.o (vex::motor::~motor())
/Applications/VEXcode Pro V5.app/Contents/Resources/sdk/vexv5/libv5rt.a(vex_vision.cpp.obj)
                              build/src/main.o (vex::vision::~vision())
/Applications/VEXcode Pro V5.app/Contents/Resources/sdk/vexv5/libv5rt.a(vex_controller.cpp.obj)
                              build/src/main.o (vex::controller::~controller())
/Applications/VEXcode Pro V5.app/Contents/Resources/sdk/vexv5/libv5rt.a(vex_thread.cpp.obj)
                              /Applications/VEXcode Pro V5.app/Contents/Resources/sdk/vexv5/libv5rt.a(vex_global.cpp.obj) (vex::this_thread::sleep_for(unsigned long))
/Applications/VEXcode Pro V5.app/Contents/Resources/sdk/vexv5/libv5rt.a(vex_event.cpp.obj)
                              /Applications/VEXcode Pro V5.app/Contents/Resources/sdk/vexv5/libv5rt.a(vex_controller.cpp.obj) (vex::event::init(unsigned long, unsigned long, void (*)()))
/Applications/VEXcode Pro V5.app/Contents/Resources/sdk/vexv5/libv5rt.a(vex_mevent.cpp.obj)
                              /Applications/VEXcode Pro V5.app/Contents/Resources/sdk/vexv5/libv5rt.a(vex_controller.cpp.obj) (vex::mevent::mevent(unsigned long, unsigned long))
/Applications/VEXcode Pro V5.app/Contents/Resources/sdk/vexv5/libv5rt.a(vex_brain.cpp.obj)
                              build/src/main.o (vex::brain::lcd::setCursor(long, long))
/Applications/VEXcode Pro V5.app/Contents/Resources/sdk/vexv5/libv5rt.a(vex_competition.cpp.obj)
                              build/src/main.o (vex::competition::competition())
/Applications/VEXcode Pro V5.app/Contents/Resources/sdk/vexv5/libv5rt.a(vex_triport.cpp.obj)
                              build/src/main.o (vex::triport::~triport())
/Applications/VEXcode Pro V5.app/Contents/Resources/sdk/vexv5/libv5rt.a(vex_color.cpp.obj)
                              /Applications/VEXcode Pro V5.app/Contents/Resources/sdk/vexv5/libv5rt.a(vex_brain.cpp.obj) (vex::color::operator unsigned long() const)
/Applications/VEXcode Pro V5.app/Contents/Resources/sdk/vexv5/libv5rt.a(vex_timer.cpp.obj)
                              /Applications/VEXcode Pro V5.app/Contents/Resources/sdk/vexv5/libv5rt.a(vex_brain.cpp.obj) (vex::timer::~timer())
/Applications/VEXcode Pro V5.app/Contents/Resources/sdk/vexv5/libv5rt.a(v5_apiuser.c.obj)
                              /Applications/VEXcode Pro V5.app/Contents/Resources/sdk/vexv5/libv5rt.a(vex_triport.cpp.obj) (vexAdiPortConfigSet)
/Applications/VEXcode Pro V5.app/Contents/Resources/sdk/vexv5/libv5rt.a(vex_device.cpp.obj)
                              /Applications/VEXcode Pro V5.app/Contents/Resources/sdk/vexv5/libv5rt.a(vex_motor.cpp.obj) (vex::device::~device())
/Applications/VEXcode Pro V5.app/Contents/Resources/sdk/vexv5/libv5rt.a(vex_task.cpp.obj)
                              /Applications/VEXcode Pro V5.app/Contents/Resources/sdk/vexv5/libv5rt.a(vex_competition.cpp.obj) (vex::task::task(int (*)()))
/Applications/VEXcode Pro V5.app/Contents/Resources/sdk/vexv5/gcc/libs/libstdc++.a(sstream-inst.o)
                              build/src/main.o (VTT for std::basic_stringstream<char, std::char_traits<char>, std::allocator<char> >)
/Applications/VEXcode Pro V5.app/Contents/Resources/sdk/vexv5/gcc/libs/libstdc++.a(streambuf-inst.o)
                              /Applications/VEXcode Pro V5.app/Contents/Resources/sdk/vexv5/gcc/libs/libstdc++.a(sstream-inst.o) (vtable for std::basic_streambuf<char, std::char_traits<char> >)
/Applications/VEXcode Pro V5.app/Contents/Resources/sdk/vexv5/gcc/libs/libstdc++.a(fstream-inst.o)
                              build/src/main.o (VTT for std::basic_ofstream<char, std::char_traits<char> >)
/Applications/VEXcode Pro V5.app/Contents/Resources/sdk/vexv5/gcc/libs/libstdc++.a(class_type_info.o)
[...]
Memory Configuration

Name             Origin             Length             Attributes
ps7_ddr_0_S_AXI_BASEADDR 0x0000000003800000 0x0000000004800000
*default*        0x0000000000000000 0xffffffffffffffff

Linker script and memory map

                0x0000000000002000                _STACK_SIZE = DEFINED (_STACK_SIZE)?_STACK_SIZE:0x2000
                0x0000000000100000                _HEAP_SIZE = DEFINED (_HEAP_SIZE)?_HEAP_SIZE:0x100000
                0x0000000000000400                _ABORT_STACK_SIZE = DEFINED (_ABORT_STACK_SIZE)?_ABORT_STACK_SIZE:0x400
                0x0000000000000800                _SUPERVISOR_STACK_SIZE = DEFINED (_SUPERVISOR_STACK_SIZE)?_SUPERVISOR_STACK_SIZE:0x800
                0x0000000000000400                _IRQ_STACK_SIZE = DEFINED (_IRQ_STACK_SIZE)?_IRQ_STACK_SIZE:0x400
                0x0000000000000400                _FIQ_STACK_SIZE = DEFINED (_FIQ_STACK_SIZE)?_FIQ_STACK_SIZE:0x400
                0x0000000000000400                _UNDEF_STACK_SIZE = DEFINED (_UNDEF_STACK_SIZE)?_UNDEF_STACK_SIZE:0x400

.text           0x0000000003800000     0x7360
 *(.vectors)
 *(.boot_data)
 .boot_data     0x0000000003800000       0x20 /Applications/VEXcode Pro V5.app/Contents/Resources/sdk/vexv5/libv5rt.a(v5_startup.c.obj)
                0x0000000003800000                vexCodeSig
                0x0000000000000020                . = 0x20
 *(.boot)
 .boot          0x0000000003800020       0xbc /Applications/VEXcode Pro V5.app/Contents/Resources/sdk/vexv5/libv5rt.a(v5_startup.c.obj)
                0x0000000003800020                vexStartup
                0x0000000003800100                . = ALIGN (0x40)
 *fill*         0x00000000038000dc       0x24 
 *(.freertos_vectors)
 *(.text)
 .text          0x0000000003800100       0x3a /Applications/VEXcode Pro V5.app/Contents/Resources/sdk/vexv5/gcc/libs/libc.a(lib_a-aeabi_memmove-soft.o)
                0x0000000003800100                __aeabi_memmove8
                0x0000000003800100                __aeabi_memmove4
                0x0000000003800100                __aeabi_memmove
 *(.text.*)
 *fill*         0x000000000380013a        0x2 
 .text.__cxx_global_array_dtor
                0x000000000380013c       0x2c build/src/main.o
 .text.__cxx_global_array_dtor.11
                0x0000000003800168       0x2c build/src/main.o
 .text.__cxx_global_array_dtor.13
                0x0000000003800194       0x2c build/src/main.o
 .text.__cxx_global_array_dtor.15
                0x00000000038001c0       0x2c build/src/main.o
 .text.__cxx_global_array_dtor.17
                0x00000000038001ec       0x2c build/src/main.o
 .text.__cxx_global_array_dtor.19
                0x0000000003800218       0x2c build/src/main.o
 .text._ZN15AERemoteControlD2Ev
                0x0000000003800244       0x60 build/src/main.o
                0x0000000003800244                AERemoteControl::~AERemoteControl()
 .text._ZN14AEMacroControlD2Ev
                0x00000000038002a4       0x44 build/src/main.o
                0x00000000038002a4                AEMacroControl::~AEMacroControl()
 .text._Z8toStringi
                0x00000000038002e8       0x48 build/src/main.o
                0x00000000038002e8                toString(int)
 .text._Z6globalSs
                0x0000000003800330      0xb24 build/src/main.o
                0x0000000003800330                global(std::string)
 .text._ZN15AEScreenControl14setValueOfLineEssSs
                0x0000000003800e54       0x44 build/src/main.o
                0x0000000003800e54                AEScreenControl::setValueOfLine(short, short, std::string)
 .text._ZN15AEScreenControl13setLinePrefixEiSs
                0x0000000003800e98       0x78 build/src/main.o
                0x0000000003800e98                AEScreenControl::setLinePrefix(int, std::string)
 .text._ZN15AERemoteControl9updateAllEN3vex10controllerE
                0x0000000003800f10      0x3d0 build/src/main.o
                0x0000000003800f10                AERemoteControl::updateAll(vex::controller)
 .text._Z10remotemodev
                0x00000000038012e0      0x118 build/src/main.o
                0x00000000038012e0                remotemode()
 .text._ZN15AEScreenControl11clearScreenEv
                0x00000000038013f8       0x18 build/src/main.o
                0x00000000038013f8                AEScreenControl::clearScreen()
 .text._Z19recordMacroSoftwareSs
                0x0000000003801410      0x108 build/src/main.o
                0x0000000003801410                recordMacroSoftware(std::string)
 .text._ZN14AEMacroControl11recordMacroE15AERemoteControlSs13AEFileControl
                0x0000000003801518      0x328 build/src/main.o
                0x0000000003801518                AEMacroControl::recordMacro(AERemoteControl, std::string, AEFileControl)
 .text._ZN15AERemoteControlC2ERKS_
                0x0000000003801840       0x98 build/src/main.o
                0x0000000003801840                AERemoteControl::AERemoteControl(AERemoteControl const&)
 .text._ZN15AERemoteControl23onPress_systemTerminateEv
                0x00000000038018d8       0x48 build/src/main.o
                0x00000000038018d8                AERemoteControl::onPress_systemTerminate()
 .text._Z17loadMacroSoftwareSs
                0x0000000003801920       0x80 build/src/main.o
                0x0000000003801920                loadMacroSoftware(std::string)
 .text._ZN14AEMacroControl9loadMacroE15AEScreenControl13AEFileControlSs
                0x00000000038019a0      0x7c8 build/src/main.o
                0x00000000038019a0                AEMacroControl::loadMacro(AEScreenControl, AEFileControl, std::string)
 .text._Z4menuv
                0x0000000003802168      0x248 build/src/main.o
                0x0000000003802168                menu()
 .text.main     0x00000000038023b0       0xa0 build/src/main.o
                0x00000000038023b0                main
 .text._ZNSt6vectorIiSaIiEEC2ESt16initializer_listIiERKS0_
                0x0000000003802450       0x58 build/src/main.o
                0x0000000003802450                std::vector<int, std::allocator<int> >::vector(std::initializer_list<int>, std::allocator<int> const&)
 .text._ZNSt12_Vector_baseIiSaIiEE11_M_allocateEj
                0x00000000038024a8       0x30 build/src/main.o
                0x00000000038024a8                std::_Vector_base<int, std::allocator<int> >::_M_allocate(unsigned int)
 .text._ZN15AERemoteControl8toStringEi
                0x00000000038024d8       0x48 build/src/main.o
                0x00000000038024d8                AERemoteControl::toString(int)
 .text._ZN15AERemoteControl19onPress_startPullerEv
                0x0000000003802520      0x17c build/src/main.o
                0x0000000003802520                AERemoteControl::onPress_startPuller()
 .text._ZN15AERemoteControl20onPress_startPuller2Ev
                0x000000000380269c      0x17c build/src/main.o
                0x000000000380269c                AERemoteControl::onPress_startPuller2()
 .text._ZN15AERemoteControl16onRelease_wheelsEv
                0x0000000003802818      0x160 build/src/main.o
                0x0000000003802818                AERemoteControl::onRelease_wheels()
 .text._ZN15AERemoteControl16onRelease_pullerEv
                0x0000000003802978      0x128 build/src/main.o
                0x0000000003802978                AERemoteControl::onRelease_puller()
 .text._ZN15AERemoteControl13onPress_bruuhEii
                0x0000000003802aa0       0xe4 build/src/main.o
                0x0000000003802aa0                AERemoteControl::onPress_bruuh(int, int)
 .text._ZN15AERemoteControl8addIndexEv
                0x0000000003802b84      0x144 build/src/main.o
                0x0000000003802b84                AERemoteControl::addIndex()
 .text._ZNSt6vectorIiSaIiEE19_M_emplace_back_auxIJiEEEvDpOT_
                0x0000000003802cc8       0x80 build/src/main.o
                0x0000000003802cc8                void std::vector<int, std::allocator<int> >::_M_emplace_back_aux<int>(int&&)
 .text._ZNKSt6vectorIiSaIiEE12_M_check_lenEjPKc
                0x0000000003802d48       0x54 build/src/main.o
                0x0000000003802d48                std::vector<int, std::allocator<int> >::_M_check_len(unsigned int, char const*) const
 .text._ZN14AEMacroControl4joinESt6vectorIiSaIiEE
                0x0000000003802d9c      0x110 build/src/main.o
                0x0000000003802d9c                AEMacroControl::join(std::vector<int, std::allocator<int> >)
 .text._ZNSt6vectorIiSaIiEEC2ERKS1_
                0x0000000003802eac       0x78 build/src/main.o
                0x0000000003802eac                std::vector<int, std::allocator<int> >::vector(std::vector<int, std::allocator<int> > const&)
 .text._ZN13AEFileControl10saveStringESsSs
                0x0000000003802f24      0x104 build/src/main.o
                0x0000000003802f24                AEFileControl::saveString(std::string, std::string)
 .text._ZN14AEMacroControl15convertToStringEi
                0x0000000003803028       0x48 build/src/main.o
                0x0000000003803028                AEMacroControl::convertToString(int)
 .text._ZN14AEMacroControl15parseFileVectorESsSs
                0x0000000003803070       0xf4 build/src/main.o
                0x0000000003803070                AEMacroControl::parseFileVector(std::string, std::string)
 .text._ZN13AEFileControl10loadStringESs
                0x0000000003803164      0x1f0 build/src/main.o
                0x0000000003803164                AEFileControl::loadString(std::string)
 .text._ZNSt6vectorIiSaIiEE19_M_emplace_back_auxIJRKiEEEvDpOT_
                0x0000000003803354       0x80 build/src/main.o
                0x0000000003803354                void std::vector<int, std::allocator<int> >::_M_emplace_back_aux<int const&>(int const&)
 .text._ZNSt6vectorIiSaIiEE14_M_move_assignEOS1_St17integral_constantIbLb1EE
                0x00000000038033d4       0x5c build/src/main.o
                0x00000000038033d4                std::vector<int, std::allocator<int> >::_M_move_assign(std::vector<int, std::allocator<int> >&&, std::integral_constant<bool, true>)
 .text._GLOBAL__sub_I_main.cpp
                0x0000000003803430      0x910 build/src/main.o
 .text._GLOBAL__sub_I_robot_config.cpp
                0x0000000003803d40       0x8c build/src/robot-config.o
 .text.vexMain  0x0000000003803dcc       0xb0 /Applications/VEXcode Pro V5.app/Contents/Resources/sdk/vexv5/libv5rt.a(v5_startup.c.obj)
                0x0000000003803dcc                vexMain
 .text.__vex_function_prolog
                0x0000000003803e7c       0x18 /Applications/VEXcode Pro V5.app/Contents/Resources/sdk/vexv5/libv5rt.a(v5_startup.c.obj)
                0x0000000003803e7c                __vex_function_prolog
 .text._init    0x0000000003803e94        0x4 /Applications/VEXcode Pro V5.app/Contents/Resources/sdk/vexv5/libv5rt.a(v5_startup.c.obj)
                0x0000000003803e94                _init
 .text._fini    0x0000000003803e98        0x4 /Applications/VEXcode Pro V5.app/Contents/Resources/sdk/vexv5/libv5rt.a(v5_startup.c.obj)
                0x0000000003803e98                _fini
 .text._exit    0x0000000003803e9c       0x5c /Applications/VEXcode Pro V5.app/Contents/Resources/sdk/vexv5/libv5rt.a(v5_startup.c.obj)
                0x0000000003803e9c                _exit
 .text.vexStdlibVersionLinked
                0x0000000003803ef8        0xc /Applications/VEXcode Pro V5.app/Contents/Resources/sdk/vexv5/libv5rt.a(v5_util.c.obj)
                0x0000000003803ef8                vexStdlibVersionLinked
 .text.vexStdlibVersionVerify
                0x0000000003803f04       0x30 /Applications/VEXcode Pro V5.app/Contents/Resources/sdk/vexv5/libv5rt.a(v5_util.c.obj)
                0x0000000003803f04                vexStdlibVersionVerify
 .text.vexPrivateApiEnable
                0x0000000003803f34       0x10 /Applications/VEXcode Pro V5.app/Contents/Resources/sdk/vexv5/libv5rt.a(v5_apijump.c.obj)
                0x0000000003803f34                vexPrivateApiEnable
 .text.vexStdlibMismatchError
                0x0000000003803f44       0x3c /Applications/VEXcode Pro V5.app/Contents/Resources/sdk/vexv5/libv5rt.a(v5_apijump.c.obj)
                0x0000000003803f44                vexStdlibMismatchError
 .text.vexTaskAdd
                0x0000000003803f80       0x10 /Applications/VEXcode Pro V5.app/Contents/Resources/sdk/vexv5/libv5rt.a(v5_apijump.c.obj)
                0x0000000003803f80                vexTaskAdd
 .text.vexTaskStop
                0x0000000003803f90       0x10 /Applications/VEXcode Pro V5.app/Contents/Resources/sdk/vexv5/libv5rt.a(v5_apijump.c.obj)
                0x0000000003803f90                vexTaskStop
 .text.vexTasksRun
                0x0000000003803fa0       0x10 /Applications/VEXcode Pro V5.app/Contents/Resources/sdk/vexv5/libv5rt.a(v5_apijump.c.obj)
                0x0000000003803fa0                vexTasksRun
 .text.vexTaskYield
                0x0000000003803fb0       0x10 /Applications/VEXcode Pro V5.app/Contents/Resources/sdk/vexv5/libv5rt.a(v5_apijump.c.obj)
                0x0000000003803fb0                vexTaskYield
 .text.vexTaskCheckTimeslice
                0x0000000003803fc0       0x10 /Applications/VEXcode Pro V5.app/Contents/Resources/sdk/vexv5/libv5rt.a(v5_apijump.c.obj)
                0x0000000003803fc0                vexTaskCheckTimeslice
 .text.vexTaskGetIndex
                0x0000000003803fd0       0x10 /Applications/VEXcode Pro V5.app/Contents/Resources/sdk/vexv5/libv5rt.a(v5_apijump.c.obj)
                0x0000000003803fd0                vexTaskGetIndex
 .text.vexTaskSleep
                0x0000000003803fe0       0x10 /Applications/VEXcode Pro V5.app/Contents/Resources/sdk/vexv5/libv5rt.a(v5_apijump.c.obj)
                0x0000000003803fe0                vexTaskSleep
 .text.vexTasksDump
                0x0000000003803ff0       0x1c /Applications/VEXcode Pro V5.app/Contents/Resources/sdk/vexv5/libv5rt.a(v5_apijump.c.obj)
                0x0000000003803ff0                vexTasksDump
 .text.vexTaskGetTaskIndex
                0x000000000380400c       0x10 /Applications/VEXcode Pro V5.app/Contents/Resources/sdk/vexv5/libv5rt.a(v5_apijump.c.obj)
                0x000000000380400c                vexTaskGetTaskIndex
 .text.vexTaskStopAll
                0x000000000380401c       0x10 /Applications/VEXcode Pro V5.app/Contents/Resources/sdk/vexv5/libv5rt.a(v5_apijump.c.obj)
                0x000000000380401c                vexTaskStopAll
 .text.vexTaskRemoveAllUser
                0x000000000380402c       0x34 /Applications/VEXcode Pro V5.app/Contents/Resources/sdk/vexv5/libv5rt.a(v5_apijump.c.obj)
                0x000000000380402c                vexTaskRemoveAllUser
 .text.vexTaskCompletionIdSet
                0x0000000003804060       0x10 /Applications/VEXcode Pro V5.app/Contents/Resources/sdk/vexv5/libv5rt.a(v5_apijump.c.obj)
                0x0000000003804060                vexTaskCompletionIdSet
 .text.vexTaskStopWithId
                0x0000000003804070       0x10 /Applications/VEXcode Pro V5.app/Contents/Resources/sdk/vexv5/libv5rt.a(v5_apijump.c.obj)
                0x0000000003804070                vexTaskStopWithId
 .text.vexEventAdd
                0x0000000003804080       0x34 /Applications/VEXcode Pro V5.app/Contents/Resources/sdk/vexv5/libv5rt.a(v5_apijump.c.obj)
                0x0000000003804080                vexEventAdd
 .text.vexEventUserIndexGet
                0x00000000038040b4       0x1c /Applications/VEXcode Pro V5.app/Contents/Resources/sdk/vexv5/libv5rt.a(v5_apijump.c.obj)
                0x00000000038040b4                vexEventUserIndexGet
 .text.vexEventAddWithArg
                0x00000000038040d0       0x3c /Applications/VEXcode Pro V5.app/Contents/Resources/sdk/vexv5/libv5rt.a(v5_apijump.c.obj)
                0x00000000038040d0                vexEventAddWithArg
 .text.vexEventsCleanup
                0x000000000380410c       0x2c /Applications/VEXcode Pro V5.app/Contents/Resources/sdk/vexv5/libv5rt.a(v5_apijump.c.obj)
                0x000000000380410c                vexEventsCleanup
 .text.vexDebug
                0x0000000003804138       0x38 /Applications/VEXcode Pro V5.app/Contents/Resources/sdk/vexv5/libv5rt.a(v5_apijump.c.obj)
                0x0000000003804138                vexDebug
 .text.vex_sprintf
                0x0000000003804170       0x40 /Applications/VEXcode Pro V5.app/Contents/Resources/sdk/vexv5/libv5rt.a(v5_apijump.c.obj)
                0x0000000003804170                vex_sprintf
 .text.vex_vsnprintf
                0x00000000038041b0       0x3c /Applications/VEXcode Pro V5.app/Contents/Resources/sdk/vexv5/libv5rt.a(v5_apijump.c.obj)
                0x00000000038041b0                vex_vsnprintf
 .text.vexSystemTimeGet
                0x00000000038041ec       0x1c /Applications/VEXcode Pro V5.app/Contents/Resources/sdk/vexv5/libv5rt.a(v5_apijump.c.obj)
                0x00000000038041ec                vexSystemTimeGet
 .text.vexSystemExitRequest
                0x0000000003804208       0x1c /Applications/VEXcode Pro V5.app/Contents/Resources/sdk/vexv5/libv5rt.a(v5_apijump.c.obj)
                0x0000000003804208                vexSystemExitRequest
 .text.vexDeviceGetByIndex
                0x0000000003804224       0x24 /Applications/VEXcode Pro V5.app/Contents/Resources/sdk/vexv5/libv5rt.a(v5_apijump.c.obj)
                0x0000000003804224                vexDeviceGetByIndex
 .text.vexControllerGet
                0x0000000003804248       0x2c /Applications/VEXcode Pro V5.app/Contents/Resources/sdk/vexv5/libv5rt.a(v5_apijump.c.obj)
                0x0000000003804248                vexControllerGet
 .text.vexDeviceAdiPortConfigSet
                0x0000000003804274       0x34 /Applications/VEXcode Pro V5.app/Contents/Resources/sdk/vexv5/libv5rt.a(v5_apijump.c.obj)
                0x0000000003804274                vexDeviceAdiPortConfigSet
 .text.vexDeviceAdiPortConfigGet
                0x00000000038042a8       0x2c /Applications/VEXcode Pro V5.app/Contents/Resources/sdk/vexv5/libv5rt.a(v5_apijump.c.obj)
                0x00000000038042a8                vexDeviceAdiPortConfigGet
 .text.vexDeviceAdiValueSet
                0x00000000038042d4       0x34 /Applications/VEXcode Pro V5.app/Contents/Resources/sdk/vexv5/libv5rt.a(v5_apijump.c.obj)
                0x00000000038042d4                vexDeviceAdiValueSet
 .text.vexDeviceAdiValueGet
                0x0000000003804308       0x2c /Applications/VEXcode Pro V5.app/Contents/Resources/sdk/vexv5/libv5rt.a(v5_apijump.c.obj)
                0x0000000003804308                vexDeviceAdiValueGet
 .text.vexDeviceMotorVelocitySet
                0x0000000003804334       0x2c /Applications/VEXcode Pro V5.app/Contents/Resources/sdk/vexv5/libv5rt.a(v5_apijump.c.obj)
                0x0000000003804334                vexDeviceMotorVelocitySet
 .text.vexDeviceMotorActualVelocityGet
                0x0000000003804360       0x24 /Applications/VEXcode Pro V5.app/Contents/Resources/sdk/vexv5/libv5rt.a(v5_apijump.c.obj)
                0x0000000003804360                vexDeviceMotorActualVelocityGet
 .text.vexDeviceMotorReverseFlagSet
                0x0000000003804384       0x2c /Applications/VEXcode Pro V5.app/Contents/Resources/sdk/vexv5/libv5rt.a(v5_apijump.c.obj)
                0x0000000003804384                vexDeviceMotorReverseFlagSet
 .text.vexDeviceMotorBrakeModeSet
                0x00000000038043b0       0x2c /Applications/VEXcode Pro V5.app/Contents/Resources/sdk/vexv5/libv5rt.a(v5_apijump.c.obj)
                0x00000000038043b0                vexDeviceMotorBrakeModeSet
 .text.vexDeviceMotorPositionSet
                0x00000000038043dc       0x34 /Applications/VEXcode Pro V5.app/Contents/Resources/sdk/vexv5/libv5rt.a(v5_apijump.c.obj)
                0x00000000038043dc                vexDeviceMotorPositionSet
 .text.vexDeviceMotorGearingSet
                0x0000000003804410       0x2c /Applications/VEXcode Pro V5.app/Contents/Resources/sdk/vexv5/libv5rt.a(v5_apijump.c.obj)
                0x0000000003804410                vexDeviceMotorGearingSet
 .text.vexDeviceMotorGearingGet
                0x000000000380443c       0x24 /Applications/VEXcode Pro V5.app/Contents/Resources/sdk/vexv5/libv5rt.a(v5_apijump.c.obj)
                0x000000000380443c                vexDeviceMotorGearingGet
 .text.vexDeviceVisionModeSet
                0x0000000003804460       0x2c /Applications/VEXcode Pro V5.app/Contents/Resources/sdk/vexv5/libv5rt.a(v5_apijump.c.obj)
                0x0000000003804460                vexDeviceVisionModeSet
 .text.vexDeviceVisionObjectCountGet
                0x000000000380448c       0x24 /Applications/VEXcode Pro V5.app/Contents/Resources/sdk/vexv5/libv5rt.a(v5_apijump.c.obj)
                0x000000000380448c                vexDeviceVisionObjectCountGet
 .text.vexDeviceVisionObjectGet
                0x00000000038044b0       0x34 /Applications/VEXcode Pro V5.app/Contents/Resources/sdk/vexv5/libv5rt.a(v5_apijump.c.obj)
                0x00000000038044b0                vexDeviceVisionObjectGet
 .text.vexDeviceVisionLedModeSet
                0x00000000038044e4       0x2c /Applications/VEXcode Pro V5.app/Contents/Resources/sdk/vexv5/libv5rt.a(v5_apijump.c.obj)
                0x00000000038044e4                vexDeviceVisionLedModeSet
 .text.vexDeviceVisionLedColorSet
                0x0000000003804510       0x30 /Applications/VEXcode Pro V5.app/Contents/Resources/sdk/vexv5/libv5rt.a(v5_apijump.c.obj)
                0x0000000003804510                vexDeviceVisionLedColorSet
 .text.vexDisplayForegroundColor
                0x0000000003804540       0x24 /Applications/VEXcode Pro V5.app/Contents/Resources/sdk/vexv5/libv5rt.a(v5_apijump.c.obj)
                0x0000000003804540                vexDisplayForegroundColor
 .text.vexDisplayBackgroundColor
                0x0000000003804564       0x24 /Applications/VEXcode Pro V5.app/Contents/Resources/sdk/vexv5/libv5rt.a(v5_apijump.c.obj)
                0x0000000003804564                vexDisplayBackgroundColor
 .text.vexDisplayBackgroundColorGet
                0x0000000003804588       0x1c /Applications/VEXcode Pro V5.app/Contents/Resources/sdk/vexv5/libv5rt.a(v5_apijump.c.obj)
                0x0000000003804588                vexDisplayBackgroundColorGet
 .text.vexDisplayRectClear
                0x00000000038045a4       0x4c /Applications/VEXcode Pro V5.app/Contents/Resources/sdk/vexv5/libv5rt.a(v5_apijump.c.obj)
                0x00000000038045a4                vexDisplayRectClear
 .text.vexDisplayPrintf
                0x00000000038045f0       0x68 /Applications/VEXcode Pro V5.app/Contents/Resources/sdk/vexv5/libv5rt.a(v5_apijump.c.obj)
                0x00000000038045f0                vexDisplayPrintf
 .text.vexDisplayTextReference
                0x0000000003804658       0x24 /Applications/VEXcode Pro V5.app/Contents/Resources/sdk/vexv5/libv5rt.a(v5_apijump.c.obj)
                0x0000000003804658                vexDisplayTextReference
 .text.vexDisplayTextSize
                0x000000000380467c       0x2c /Applications/VEXcode Pro V5.app/Contents/Resources/sdk/vexv5/libv5rt.a(v5_apijump.c.obj)
                0x000000000380467c                vexDisplayTextSize
 .text.vexDisplayFontNamedSet
                0x00000000038046a8       0x24 /Applications/VEXcode Pro V5.app/Contents/Resources/sdk/vexv5/libv5rt.a(v5_apijump.c.obj)
                0x00000000038046a8                vexDisplayFontNamedSet
 .text.vexDisplayStringWidthGet
                0x00000000038046cc       0x24 /Applications/VEXcode Pro V5.app/Contents/Resources/sdk/vexv5/libv5rt.a(v5_apijump.c.obj)
                0x00000000038046cc                vexDisplayStringWidthGet
 .text.vexFileDriveStatus
                0x00000000038046f0       0x24 /Applications/VEXcode Pro V5.app/Contents/Resources/sdk/vexv5/libv5rt.a(v5_apijump.c.obj)
                0x00000000038046f0                vexFileDriveStatus
 .text.vexSystemStdlibImpureDataAddr
                0x0000000003804714       0x28 /Applications/VEXcode Pro V5.app/Contents/Resources/sdk/vexv5/libv5rt.a(v5_apijump.c.obj)
                0x0000000003804714                vexSystemStdlibImpureDataAddr
 .text.vexSystemStdlibImpureDataSize
                0x000000000380473c       0x28 /Applications/VEXcode Pro V5.app/Contents/Resources/sdk/vexv5/libv5rt.a(v5_apijump.c.obj)
                0x000000000380473c                vexSystemStdlibImpureDataSize
 .text.vexSystemSaveUserData
                0x0000000003804764       0x3c /Applications/VEXcode Pro V5.app/Contents/Resources/sdk/vexv5/libv5rt.a(v5_apijump.c.obj)
                0x0000000003804764                vexSystemSaveUserData
 .text.vexDisplayThemeIdGet
                0x00000000038047a0       0x38 /Applications/VEXcode Pro V5.app/Contents/Resources/sdk/vexv5/libv5rt.a(v5_apijump.c.obj)
                0x00000000038047a0                vexDisplayThemeIdGet
 .text.vexDisplayRender
                0x00000000038047d8       0x2c /Applications/VEXcode Pro V5.app/Contents/Resources/sdk/vexv5/libv5rt.a(v5_apijump.c.obj)
                0x00000000038047d8                vexDisplayRender
 .text.vexDeviceEventMaskSet
                0x0000000003804804       0x48 /Applications/VEXcode Pro V5.app/Contents/Resources/sdk/vexv5/libv5rt.a(v5_apijump.c.obj)
                0x0000000003804804                vexDeviceEventMaskSet
 .text.vexDeviceEventMaskGet
                0x000000000380484c       0x3c /Applications/VEXcode Pro V5.app/Contents/Resources/sdk/vexv5/libv5rt.a(v5_apijump.c.obj)
                0x000000000380484c                vexDeviceEventMaskGet
 .text.vexSystemVersion
                0x0000000003804888       0x10 /Applications/VEXcode Pro V5.app/Contents/Resources/sdk/vexv5/libv5rt.a(v5_apiversions.c.obj)
                0x0000000003804888                vexSystemVersion
 .text.vexStdlibVersion
                0x0000000003804898       0x10 /Applications/VEXcode Pro V5.app/Contents/Resources/sdk/vexv5/libv5rt.a(v5_apiversions.c.obj)
                0x0000000003804898                vexStdlibVersion
 .text._ZN3vex5motorD2Ev
                0x00000000038048a8       0x20 /Applications/VEXcode Pro V5.app/Contents/Resources/sdk/vexv5/libv5rt.a(vex_motor.cpp.obj)
                0x00000000038048a8                vex::motor::~motor()
                0x00000000038048a8                vex::motor::~motor()
 .text._ZN3vex5motorD0Ev
                0x00000000038048c8       0x1c /Applications/VEXcode Pro V5.app/Contents/Resources/sdk/vexv5/libv5rt.a(vex_motor.cpp.obj)
                0x00000000038048c8                vex::motor::~motor()
 .text._ZN3vex5motor9installedEv
                0x00000000038048e4       0x18 /Applications/VEXcode Pro V5.app/Contents/Resources/sdk/vexv5/libv5rt.a(vex_motor.cpp.obj)
                0x00000000038048e4                vex::motor::installed()
 .text._ZN3vex5motor15defaultStoppingENS_9brakeTypeE
                0x00000000038048fc       0x30 /Applications/VEXcode Pro V5.app/Contents/Resources/sdk/vexv5/libv5rt.a(vex_motor.cpp.obj)
                0x00000000038048fc                vex::motor::defaultStopping(vex::brakeType)
 .text._ZN3vex5motorC2El
                0x000000000380492c       0x78 /Applications/VEXcode Pro V5.app/Contents/Resources/sdk/vexv5/libv5rt.a(vex_motor.cpp.obj)
                0x000000000380492c                vex::motor::motor(long)
                0x000000000380492c                vex::motor::motor(long)
 .text._ZN3vex5motorC2ElNS_11gearSettingEb
                0x00000000038049a4       0x34 /Applications/VEXcode Pro V5.app/Contents/Resources/sdk/vexv5/libv5rt.a(vex_motor.cpp.obj)
                0x00000000038049a4                vex::motor::motor(long, vex::gearSetting, bool)
                0x00000000038049a4                vex::motor::motor(long, vex::gearSetting, bool)
 .text._ZN3vex5motor4stopENS_9brakeTypeE
                0x00000000038049d8       0x30 /Applications/VEXcode Pro V5.app/Contents/Resources/sdk/vexv5/libv5rt.a(vex_motor.cpp.obj)
                0x00000000038049d8                vex::motor::stop(vex::brakeType)
 .text._ZN3vex5motor4stopEv
                0x0000000003804a08        0x8 /Applications/VEXcode Pro V5.app/Contents/Resources/sdk/vexv5/libv5rt.a(vex_motor.cpp.obj)
                0x0000000003804a08                vex::motor::stop()
 .text._ZN3vex5motor16velocityToScaledEdNS_13velocityUnitsE
                0x0000000003804a10       0x5c /Applications/VEXcode Pro V5.app/Contents/Resources/sdk/vexv5/libv5rt.a(vex_motor.cpp.obj)
                0x0000000003804a10                vex::motor::velocityToScaled(double, vex::velocityUnits)
 .text._ZN3vex5motor8velocityENS_13velocityUnitsE
                0x0000000003804a6c       0x30 /Applications/VEXcode Pro V5.app/Contents/Resources/sdk/vexv5/libv5rt.a(vex_motor.cpp.obj)
                0x0000000003804a6c                vex::motor::velocity(vex::velocityUnits)
 .text._ZN3vex5motor5valueEv
                0x0000000003804a9c       0x1c /Applications/VEXcode Pro V5.app/Contents/Resources/sdk/vexv5/libv5rt.a(vex_motor.cpp.obj)
                0x0000000003804a9c                vex::motor::value()
 .text._ZN3vex5motor16scaledToVelocityEdNS_13velocityUnitsE
                0x0000000003804ab8       0xa4 /Applications/VEXcode Pro V5.app/Contents/Resources/sdk/vexv5/libv5rt.a(vex_motor.cpp.obj)
                0x0000000003804ab8                vex::motor::scaledToVelocity(double, vex::velocityUnits)
 .text._ZN3vex5motor4spinENS_13directionTypeEdNS_13velocityUnitsE
                0x0000000003804b5c       0x5c /Applications/VEXcode Pro V5.app/Contents/Resources/sdk/vexv5/libv5rt.a(vex_motor.cpp.obj)
                0x0000000003804b5c                vex::motor::spin(vex::directionType, double, vex::velocityUnits)
 .text._ZN3vex6vision9installedEv
                0x0000000003804bb8       0x18 /Applications/VEXcode Pro V5.app/Contents/Resources/sdk/vexv5/libv5rt.a(vex_vision.cpp.obj)
                0x0000000003804bb8                vex::vision::installed()
 .text._ZN3vex6visionD2Ev
                0x0000000003804bd0       0x38 /Applications/VEXcode Pro V5.app/Contents/Resources/sdk/vexv5/libv5rt.a(vex_vision.cpp.obj)
                0x0000000003804bd0                vex::vision::~vision()
                0x0000000003804bd0                vex::vision::~vision()
 .text._ZN3vex6visionD0Ev
                0x0000000003804c08       0x1c /Applications/VEXcode Pro V5.app/Contents/Resources/sdk/vexv5/libv5rt.a(vex_vision.cpp.obj)
                0x0000000003804c08                vex::vision::~vision()
 .text._ZN3vex6vision7setModeENS0_13detectionModeE
                0x0000000003804c24       0x18 /Applications/VEXcode Pro V5.app/Contents/Resources/sdk/vexv5/libv5rt.a(vex_vision.cpp.obj)
                0x0000000003804c24                vex::vision::setMode(vex::vision::detectionMode)
 .text._ZN3vex6vision10setLedModeENS0_7ledModeE
                0x0000000003804c3c       0x18 /Applications/VEXcode Pro V5.app/Contents/Resources/sdk/vexv5/libv5rt.a(vex_vision.cpp.obj)
                0x0000000003804c3c                vex::vision::setLedMode(vex::vision::ledMode)
 .text._ZN3vex6vision11setLedColorEhhh
                0x0000000003804c54       0x30 /Applications/VEXcode Pro V5.app/Contents/Resources/sdk/vexv5/libv5rt.a(vex_vision.cpp.obj)
                0x0000000003804c54                vex::vision::setLedColor(unsigned char, unsigned char, unsigned char)
 *fill*         0x0000000003804c84        0x4 
 .text._ZN3vex6vision6object3setE22_V5_DeviceVisionObject
                0x0000000003804c88       0x78 /Applications/VEXcode Pro V5.app/Contents/Resources/sdk/vexv5/libv5rt.a(vex_vision.cpp.obj)
                0x0000000003804c88                vex::vision::object::set(_V5_DeviceVisionObject)
 .text._ZN3vex6vision6object5clearEv
                0x0000000003804d00       0x38 /Applications/VEXcode Pro V5.app/Contents/Resources/sdk/vexv5/libv5rt.a(vex_vision.cpp.obj)
                0x0000000003804d00                vex::vision::object::clear()
 .text._ZN3vex6vision6objectC2Ev
                0x0000000003804d38       0x58 /Applications/VEXcode Pro V5.app/Contents/Resources/sdk/vexv5/libv5rt.a(vex_vision.cpp.obj)
                0x0000000003804d38                vex::vision::object::object()
                0x0000000003804d38                vex::vision::object::object()
 .text._ZN3vex6vision13_clearObjectsEv
                0x0000000003804d90       0x40 /Applications/VEXcode Pro V5.app/Contents/Resources/sdk/vexv5/libv5rt.a(vex_vision.cpp.obj)
                0x0000000003804d90                vex::vision::_clearObjects()
 .text._ZN3vex6vision6objectaSERKS1_
                0x0000000003804dd0       0x74 /Applications/VEXcode Pro V5.app/Contents/Resources/sdk/vexv5/libv5rt.a(vex_vision.cpp.obj)
                0x0000000003804dd0                vex::vision::object::operator=(vex::vision::object const&)
 .text._ZN3vex6vision12takeSnapshotEmm
                0x0000000003804e44       0xf4 /Applications/VEXcode Pro V5.app/Contents/Resources/sdk/vexv5/libv5rt.a(vex_vision.cpp.obj)
                0x0000000003804e44                vex::vision::takeSnapshot(unsigned long, unsigned long)
 .text._ZN3vex6vision12takeSnapshotEm
                0x0000000003804f38        0x8 /Applications/VEXcode Pro V5.app/Contents/Resources/sdk/vexv5/libv5rt.a(vex_vision.cpp.obj)
                0x0000000003804f38                vex::vision::takeSnapshot(unsigned long)
 .text._ZN3vex6vision5valueEv
                0x0000000003804f40        0x8 /Applications/VEXcode Pro V5.app/Contents/Resources/sdk/vexv5/libv5rt.a(vex_vision.cpp.obj)
                0x0000000003804f40                vex::vision::value()
 .text._ZN3vex6vision6objectaSEl
                0x0000000003804f48       0x38 /Applications/VEXcode Pro V5.app/Contents/Resources/sdk/vexv5/libv5rt.a(vex_vision.cpp.obj)
                0x0000000003804f48                vex::vision::object::operator=(long)
 .text._ZN3vex6visionC2El
                0x0000000003804f80       0xa4 /Applications/VEXcode Pro V5.app/Contents/Resources/sdk/vexv5/libv5rt.a(vex_vision.cpp.obj)
                0x0000000003804f80                vex::vision::vision(long)
                0x0000000003804f80                vex::vision::vision(long)
 .text._ZN3vex10controllerD2Ev
                0x0000000003805024        0x4 /Applications/VEXcode Pro V5.app/Contents/Resources/sdk/vexv5/libv5rt.a(vex_controller.cpp.obj)
                0x0000000003805024                vex::controller::~controller()
                0x0000000003805024                vex::controller::~controller()
 .text._ZN3vex10controller5valueE19_V5_ControllerIndex
                0x0000000003805028        0x8 /Applications/VEXcode Pro V5.app/Contents/Resources/sdk/vexv5/libv5rt.a(vex_controller.cpp.obj)
                0x0000000003805028                vex::controller::value(_V5_ControllerIndex)
 .text._ZN3vex10controller6button8pressingEv
                0x0000000003805030       0xc8 /Applications/VEXcode Pro V5.app/Contents/Resources/sdk/vexv5/libv5rt.a(vex_controller.cpp.obj)
                0x0000000003805030                vex::controller::button::pressing()
 .text._ZN3vex10controller6button21_buttonToPressedEventEv
                0x00000000038050f8       0x20 /Applications/VEXcode Pro V5.app/Contents/Resources/sdk/vexv5/libv5rt.a(vex_controller.cpp.obj)
                0x00000000038050f8                vex::controller::button::_buttonToPressedEvent()
 .text._ZN3vex10controller6button22_buttonToReleasedEventEv
                0x0000000003805118       0x20 /Applications/VEXcode Pro V5.app/Contents/Resources/sdk/vexv5/libv5rt.a(vex_controller.cpp.obj)
                0x0000000003805118                vex::controller::button::_buttonToReleasedEvent()
 .text._ZN3vex10controller6buttonC2ENS0_11tButtonTypeEPS0_
                0x0000000003805138       0x48 /Applications/VEXcode Pro V5.app/Contents/Resources/sdk/vexv5/libv5rt.a(vex_controller.cpp.obj)
                0x0000000003805138                vex::controller::button::button(vex::controller::tButtonType, vex::controller*)
                0x0000000003805138                vex::controller::button::button(vex::controller::tButtonType, vex::controller*)
 .text._ZN3vex10controller4axis5valueEv
                0x0000000003805180       0x58 /Applications/VEXcode Pro V5.app/Contents/Resources/sdk/vexv5/libv5rt.a(vex_controller.cpp.obj)
                0x0000000003805180                vex::controller::axis::value()
 .text._ZN3vex10controller4axis23_joystickToChangedEventEv
                0x00000000038051d8       0x20 /Applications/VEXcode Pro V5.app/Contents/Resources/sdk/vexv5/libv5rt.a(vex_controller.cpp.obj)
                0x00000000038051d8                vex::controller::axis::_joystickToChangedEvent()
 .text._ZN3vex10controller4axisC2ENS0_9tAxisTypeEPS0_
                0x00000000038051f8       0x2c /Applications/VEXcode Pro V5.app/Contents/Resources/sdk/vexv5/libv5rt.a(vex_controller.cpp.obj)
                0x00000000038051f8                vex::controller::axis::axis(vex::controller::tAxisType, vex::controller*)
                0x00000000038051f8                vex::controller::axis::axis(vex::controller::tAxisType, vex::controller*)
 .text._ZN3vex10controllerC2ENS_14controllerTypeE
                0x0000000003805224      0x204 /Applications/VEXcode Pro V5.app/Contents/Resources/sdk/vexv5/libv5rt.a(vex_controller.cpp.obj)
                0x0000000003805224                vex::controller::controller(vex::controllerType)
                0x0000000003805224                vex::controller::controller(vex::controllerType)
 .text._ZN3vex10controllerC2Ev
                0x0000000003805428      0x204 /Applications/VEXcode Pro V5.app/Contents/Resources/sdk/vexv5/libv5rt.a(vex_controller.cpp.obj)
                0x0000000003805428                vex::controller::controller()
                0x0000000003805428                vex::controller::controller()
 .text._ZN3vex5event4initEmmPFvvE
                0x000000000380562c        0x4 /Applications/VEXcode Pro V5.app/Contents/Resources/sdk/vexv5/libv5rt.a(vex_event.cpp.obj)
                0x000000000380562c                vex::event::init(unsigned long, unsigned long, void (*)())
 .text._ZN3vex5event4initEmmPFvPvES1_
                0x0000000003805630        0x4 /Applications/VEXcode Pro V5.app/Contents/Resources/sdk/vexv5/libv5rt.a(vex_event.cpp.obj)
                0x0000000003805630                vex::event::init(unsigned long, unsigned long, void (*)(void*), void*)
 .text._ZN3vex5event9userindexEv
                0x0000000003805634        0x4 /Applications/VEXcode Pro V5.app/Contents/Resources/sdk/vexv5/libv5rt.a(vex_event.cpp.obj)
                0x0000000003805634                vex::event::userindex()
 .text._ZZN3vex6meventC4EmmENUlvE_4_FUNEv
                0x0000000003805638        0x4 /Applications/VEXcode Pro V5.app/Contents/Resources/sdk/vexv5/libv5rt.a(vex_mevent.cpp.obj)
 .text._ZN3vex6meventC2Emm
                0x000000000380563c       0x70 /Applications/VEXcode Pro V5.app/Contents/Resources/sdk/vexv5/libv5rt.a(vex_mevent.cpp.obj)
                0x000000000380563c                vex::mevent::mevent(unsigned long, unsigned long)
                0x000000000380563c                vex::mevent::mevent(unsigned long, unsigned long)
 .text._ZN3vex5brain9_getIndexEv
                0x00000000038056ac       0x10 /Applications/VEXcode Pro V5.app/Contents/Resources/sdk/vexv5/libv5rt.a(vex_brain.cpp.obj)
                0x00000000038056ac                vex::brain::_getIndex()
 .text._ZN3vex5brain3lcd9setCursorEll
                0x00000000038056bc       0x44 /Applications/VEXcode Pro V5.app/Contents/Resources/sdk/vexv5/libv5rt.a(vex_brain.cpp.obj)
                0x00000000038056bc                vex::brain::lcd::setCursor(long, long)
 .text._ZN3vex5brain3lcd7setFontENS_8fontTypeE
                0x0000000003805700      0x23c /Applications/VEXcode Pro V5.app/Contents/Resources/sdk/vexv5/libv5rt.a(vex_brain.cpp.obj)
                0x0000000003805700                vex::brain::lcd::setFont(vex::fontType)
 .text._ZN3vex5brain3lcdC2Ev
                0x000000000380593c       0x94 /Applications/VEXcode Pro V5.app/Contents/Resources/sdk/vexv5/libv5rt.a(vex_brain.cpp.obj)
                0x000000000380593c                vex::brain::lcd::lcd()
                0x000000000380593c                vex::brain::lcd::lcd()
 .text._ZN3vex5brainC2Ev
                0x00000000038059d0       0x38 /Applications/VEXcode Pro V5.app/Contents/Resources/sdk/vexv5/libv5rt.a(vex_brain.cpp.obj)
                0x00000000038059d0                vex::brain::brain()
                0x00000000038059d0                vex::brain::brain()
 .text._ZN3vex5brain3lcd12_clearScreenEm
                0x0000000003805a08       0x38 /Applications/VEXcode Pro V5.app/Contents/Resources/sdk/vexv5/libv5rt.a(vex_brain.cpp.obj)
                0x0000000003805a08                vex::brain::lcd::_clearScreen(unsigned long)
 .text._ZN3vex5brain3lcd11clearScreenERKNS_5colorE
                0x0000000003805a40       0x20 /Applications/VEXcode Pro V5.app/Contents/Resources/sdk/vexv5/libv5rt.a(vex_brain.cpp.obj)
                0x0000000003805a40                vex::brain::lcd::clearScreen(vex::color const&)
 .text._ZN3vex5brain3lcd6renderEv
                0x0000000003805a60        0xc /Applications/VEXcode Pro V5.app/Contents/Resources/sdk/vexv5/libv5rt.a(vex_brain.cpp.obj)
                0x0000000003805a60                vex::brain::lcd::render()
 .text._ZN3vex5brain3lcd10rowToPixelEl
                0x0000000003805a6c       0x34 /Applications/VEXcode Pro V5.app/Contents/Resources/sdk/vexv5/libv5rt.a(vex_brain.cpp.obj)
                0x0000000003805a6c                vex::brain::lcd::rowToPixel(long)
 .text._ZN3vex5brain3lcd10_clearLineEim
                0x0000000003805aa0       0x7c /Applications/VEXcode Pro V5.app/Contents/Resources/sdk/vexv5/libv5rt.a(vex_brain.cpp.obj)
                0x0000000003805aa0                vex::brain::lcd::_clearLine(int, unsigned long)
 .text._ZN3vex5brain3lcd9clearLineEiRKNS_5colorE
                0x0000000003805b1c       0x28 /Applications/VEXcode Pro V5.app/Contents/Resources/sdk/vexv5/libv5rt.a(vex_brain.cpp.obj)
                0x0000000003805b1c                vex::brain::lcd::clearLine(int, vex::color const&)
 .text._ZN3vex5brain3lcd10colToPixelEl
                0x0000000003805b44       0x1c /Applications/VEXcode Pro V5.app/Contents/Resources/sdk/vexv5/libv5rt.a(vex_brain.cpp.obj)
                0x0000000003805b44                vex::brain::lcd::colToPixel(long)
 .text._ZN3vex5brain3lcd5printEPKcz
                0x0000000003805b60       0xa0 /Applications/VEXcode Pro V5.app/Contents/Resources/sdk/vexv5/libv5rt.a(vex_brain.cpp.obj)
                0x0000000003805b60                vex::brain::lcd::print(char const*, ...)
 .text._ZN3vex5brain6sdcard10isInsertedEv
                0x0000000003805c00        0x8 /Applications/VEXcode Pro V5.app/Contents/Resources/sdk/vexv5/libv5rt.a(vex_brain.cpp.obj)
                0x0000000003805c00                vex::brain::sdcard::isInserted()
 .text._ZN3vex5brainD2Ev
                0x0000000003805c08       0x20 /Applications/VEXcode Pro V5.app/Contents/Resources/sdk/vexv5/libv5rt.a(vex_brain.cpp.obj)
                0x0000000003805c08                vex::brain::~brain()
                0x0000000003805c08                vex::brain::~brain()
 .text._ZN3vex11competition11_autonomousEv
                0x0000000003805c28       0x90 /Applications/VEXcode Pro V5.app/Contents/Resources/sdk/vexv5/libv5rt.a(vex_competition.cpp.obj)
                0x0000000003805c28                vex::competition::_autonomous()
 .text._ZN3vex11competition14_drivercontrolEv
                0x0000000003805cb8       0x90 /Applications/VEXcode Pro V5.app/Contents/Resources/sdk/vexv5/libv5rt.a(vex_competition.cpp.obj)
                0x0000000003805cb8                vex::competition::_drivercontrol()
 .text._ZN3vex11competition8_disableEPv
                0x0000000003805d48       0xc8 /Applications/VEXcode Pro V5.app/Contents/Resources/sdk/vexv5/libv5rt.a(vex_competition.cpp.obj)
                0x0000000003805d48                vex::competition::_disable(void*)
 .text._ZN3vex11competitionC2Ev
                0x0000000003805e10      0x13c /Applications/VEXcode Pro V5.app/Contents/Resources/sdk/vexv5/libv5rt.a(vex_competition.cpp.obj)
                0x0000000003805e10                vex::competition::competition()
                0x0000000003805e10                vex::competition::competition()
 .text._ZN3vex11competitionD2Ev
                0x0000000003805f4c        0x4 /Applications/VEXcode Pro V5.app/Contents/Resources/sdk/vexv5/libv5rt.a(vex_competition.cpp.obj)
                0x0000000003805f4c                vex::competition::~competition()
                0x0000000003805f4c                vex::competition::~competition()
 .text._ZN3vex7triportD2Ev
                0x0000000003805f50       0x38 /Applications/VEXcode Pro V5.app/Contents/Resources/sdk/vexv5/libv5rt.a(vex_triport.cpp.obj)
                0x0000000003805f50                vex::triport::~triport()
                0x0000000003805f50                vex::triport::~triport()
 .text._ZN3vex7triportD0Ev
                0x0000000003805f88       0x1c /Applications/VEXcode Pro V5.app/Contents/Resources/sdk/vexv5/libv5rt.a(vex_triport.cpp.obj)
                0x0000000003805f88                vex::triport::~triport()
 .text._ZN3vex7triport9installedEv
                0x0000000003805fa4       0x18 /Applications/VEXcode Pro V5.app/Contents/Resources/sdk/vexv5/libv5rt.a(vex_triport.cpp.obj)
                0x0000000003805fa4                vex::triport::installed()
 .text._ZN3vex7triport4portC2ElPS0_
                0x0000000003805fbc       0x74 /Applications/VEXcode Pro V5.app/Contents/Resources/sdk/vexv5/libv5rt.a(vex_triport.cpp.obj)
                0x0000000003805fbc                vex::triport::port::port(long, vex::triport*)
                0x0000000003805fbc                vex::triport::port::port(long, vex::triport*)
 .text._ZN3vex7triportC2El
                0x0000000003806030       0xf0 /Applications/VEXcode Pro V5.app/Contents/Resources/sdk/vexv5/libv5rt.a(vex_triport.cpp.obj)
                0x0000000003806030                vex::triport::triport(long)
                0x0000000003806030                vex::triport::triport(long)
 .text._ZN3vex7triport4port4typeENS_11triportTypeE
                0x0000000003806120       0x30 /Applications/VEXcode Pro V5.app/Contents/Resources/sdk/vexv5/libv5rt.a(vex_triport.cpp.obj)
                0x0000000003806120                vex::triport::port::type(vex::triportType)
 .text._ZN3vex7triport4port4typeEv
                0x0000000003806150       0x38 /Applications/VEXcode Pro V5.app/Contents/Resources/sdk/vexv5/libv5rt.a(vex_triport.cpp.obj)
                0x0000000003806150                vex::triport::port::type()
 .text._ZN3vex7triport4port5valueEv
                0x0000000003806188       0x14 /Applications/VEXcode Pro V5.app/Contents/Resources/sdk/vexv5/libv5rt.a(vex_triport.cpp.obj)
                0x0000000003806188                vex::triport::port::value()
 .text._ZN3vex7triport4port5valueEl
                0x000000000380619c       0x18 /Applications/VEXcode Pro V5.app/Contents/Resources/sdk/vexv5/libv5rt.a(vex_triport.cpp.obj)
                0x000000000380619c                vex::triport::port::value(long)
 *fill*         0x00000000038061b4        0x4 
 .text._ZN3vex7triport4port11setRotationEdNS_13rotationUnitsE
                0x00000000038061b8       0x50 /Applications/VEXcode Pro V5.app/Contents/Resources/sdk/vexv5/libv5rt.a(vex_triport.cpp.obj)
                0x00000000038061b8                vex::triport::port::setRotation(double, vex::rotationUnits)
 .text._ZN3vex7triport4port13resetRotationEv
                0x0000000003806208       0x20 /Applications/VEXcode Pro V5.app/Contents/Resources/sdk/vexv5/libv5rt.a(vex_triport.cpp.obj)
                0x0000000003806208                vex::triport::port::resetRotation()
 .text._ZN3vex11__trideviceC2ERNS_7triport4portENS_11triportTypeE
                0x0000000003806228       0x5c /Applications/VEXcode Pro V5.app/Contents/Resources/sdk/vexv5/libv5rt.a(vex_triport.cpp.obj)
                0x0000000003806228                vex::__tridevice::__tridevice(vex::triport::port&, vex::triportType)
                0x0000000003806228                vex::__tridevice::__tridevice(vex::triport::port&, vex::triportType)
 .text._ZN3vex7encoderC2ERNS_7triport4portE
                0x0000000003806284       0x20 /Applications/VEXcode Pro V5.app/Contents/Resources/sdk/vexv5/libv5rt.a(vex_triport.cpp.obj)
                0x0000000003806284                vex::encoder::encoder(vex::triport::port&)
                0x0000000003806284                vex::encoder::encoder(vex::triport::port&)
 .text._ZN3vex7encoderD2Ev
                0x00000000038062a4        0x4 /Applications/VEXcode Pro V5.app/Contents/Resources/sdk/vexv5/libv5rt.a(vex_triport.cpp.obj)
                0x00000000038062a4                vex::encoder::~encoder()
                0x00000000038062a4                vex::encoder::~encoder()
 .text._ZN3vex7encoder5valueEv
                0x00000000038062a8        0x8 /Applications/VEXcode Pro V5.app/Contents/Resources/sdk/vexv5/libv5rt.a(vex_triport.cpp.obj)
                0x00000000038062a8                vex::encoder::value()
 .text._ZN3vex7encoder13resetRotationEv
                0x00000000038062b0        0x8 /Applications/VEXcode Pro V5.app/Contents/Resources/sdk/vexv5/libv5rt.a(vex_triport.cpp.obj)
                0x00000000038062b0                vex::encoder::resetRotation()
 .text.startup._GLOBAL__sub_I__ZN3vex7triportC2El
                0x00000000038062b8       0x30 /Applications/VEXcode Pro V5.app/Contents/Resources/sdk/vexv5/libv5rt.a(vex_triport.cpp.obj)
 .text._ZN3vex5colorD2Ev
                0x00000000038062e8        0x4 /Applications/VEXcode Pro V5.app/Contents/Resources/sdk/vexv5/libv5rt.a(vex_color.cpp.obj)
                0x00000000038062e8                vex::color::~color()
                0x00000000038062e8                vex::color::~color()
 .text._ZNK3vex5colorcvmEv
                0x00000000038062ec        0x8 /Applications/VEXcode Pro V5.app/Contents/Resources/sdk/vexv5/libv5rt.a(vex_color.cpp.obj)
                0x00000000038062ec                vex::color::operator unsigned long() const
 .text.startup._GLOBAL__sub_I__ZN3vex5color5blackE
                0x00000000038062f4      0x164 /Applications/VEXcode Pro V5.app/Contents/Resources/sdk/vexv5/libv5rt.a(vex_color.cpp.obj)
 .text._ZN3vex5timerD2Ev
                0x0000000003806458        0x4 /Applications/VEXcode Pro V5.app/Contents/Resources/sdk/vexv5/libv5rt.a(vex_timer.cpp.obj)
                0x0000000003806458                vex::timer::~timer()
                0x0000000003806458                vex::timer::~timer()
 .text._ZN3vex5timer5clearEv
                0x000000000380645c       0x1c /Applications/VEXcode Pro V5.app/Contents/Resources/sdk/vexv5/libv5rt.a(vex_timer.cpp.obj)
                0x000000000380645c                vex::timer::clear()
 .text._ZN3vex5timerC2Ev
                0x0000000003806478       0x14 /Applications/VEXcode Pro V5.app/Contents/Resources/sdk/vexv5/libv5rt.a(vex_timer.cpp.obj)
                0x0000000003806478                vex::timer::timer()
                0x0000000003806478                vex::timer::timer()
 .text.vexAdiPortConfigSet
                0x000000000380648c       0x28 /Applications/VEXcode Pro V5.app/Contents/Resources/sdk/vexv5/libv5rt.a(v5_apiuser.c.obj)
                0x000000000380648c                vexAdiPortConfigSet
 .text.vexAdiPortConfigGet
                0x00000000038064b4       0x28 /Applications/VEXcode Pro V5.app/Contents/Resources/sdk/vexv5/libv5rt.a(v5_apiuser.c.obj)
                0x00000000038064b4                vexAdiPortConfigGet
 .text.vexAdiValueSet
                0x00000000038064dc       0x28 /Applications/VEXcode Pro V5.app/Contents/Resources/sdk/vexv5/libv5rt.a(v5_apiuser.c.obj)
                0x00000000038064dc                vexAdiValueSet
 .text.vexAdiValueGet
                0x0000000003806504       0x20 /Applications/VEXcode Pro V5.app/Contents/Resources/sdk/vexv5/libv5rt.a(v5_apiuser.c.obj)
                0x0000000003806504                vexAdiValueGet
 .text.vexMotorVelocitySet
                0x0000000003806524       0x20 /Applications/VEXcode Pro V5.app/Contents/Resources/sdk/vexv5/libv5rt.a(v5_apiuser.c.obj)
                0x0000000003806524                vexMotorVelocitySet
 .text.vexMotorActualVelocityGet
                0x0000000003806544       0x24 /Applications/VEXcode Pro V5.app/Contents/Resources/sdk/vexv5/libv5rt.a(v5_apiuser.c.obj)
                0x0000000003806544                vexMotorActualVelocityGet
 .text.vexMotorReverseFlagSet
                0x0000000003806568       0x20 /Applications/VEXcode Pro V5.app/Contents/Resources/sdk/vexv5/libv5rt.a(v5_apiuser.c.obj)
                0x0000000003806568                vexMotorReverseFlagSet
 .text.vexMotorBrakeModeSet
                0x0000000003806588       0x20 /Applications/VEXcode Pro V5.app/Contents/Resources/sdk/vexv5/libv5rt.a(v5_apiuser.c.obj)
                0x0000000003806588                vexMotorBrakeModeSet
 .text.vexMotorPositionSet
                0x00000000038065a8       0x28 /Applications/VEXcode Pro V5.app/Contents/Resources/sdk/vexv5/libv5rt.a(v5_apiuser.c.obj)
                0x00000000038065a8                vexMotorPositionSet
 .text.vexMotorGearingSet
                0x00000000038065d0       0x20 /Applications/VEXcode Pro V5.app/Contents/Resources/sdk/vexv5/libv5rt.a(v5_apiuser.c.obj)
                0x00000000038065d0                vexMotorGearingSet
 .text.vexMotorGearingGet
                0x00000000038065f0       0x18 /Applications/VEXcode Pro V5.app/Contents/Resources/sdk/vexv5/libv5rt.a(v5_apiuser.c.obj)
                0x00000000038065f0                vexMotorGearingGet
 .text.vexVisionModeSet
                0x0000000003806608       0x20 /Applications/VEXcode Pro V5.app/Contents/Resources/sdk/vexv5/libv5rt.a(v5_apiuser.c.obj)
                0x0000000003806608                vexVisionModeSet
 .text.vexVisionObjectCountGet
                0x0000000003806628       0x18 /Applications/VEXcode Pro V5.app/Contents/Resources/sdk/vexv5/libv5rt.a(v5_apiuser.c.obj)
                0x0000000003806628                vexVisionObjectCountGet
 .text.vexVisionObjectGet
                0x0000000003806640       0x28 /Applications/VEXcode Pro V5.app/Contents/Resources/sdk/vexv5/libv5rt.a(v5_apiuser.c.obj)
                0x0000000003806640                vexVisionObjectGet
 .text.vexVisionLedModeSet
                0x0000000003806668       0x20 /Applications/VEXcode Pro V5.app/Contents/Resources/sdk/vexv5/libv5rt.a(v5_apiuser.c.obj)
                0x0000000003806668                vexVisionLedModeSet
 .text.vexVisionLedColorSet
                0x0000000003806688       0x2c /Applications/VEXcode Pro V5.app/Contents/Resources/sdk/vexv5/libv5rt.a(v5_apiuser.c.obj)
                0x0000000003806688                vexVisionLedColorSet
 .text.vexEventMaskSet
                0x00000000038066b4       0x28 /Applications/VEXcode Pro V5.app/Contents/Resources/sdk/vexv5/libv5rt.a(v5_apiuser.c.obj)
                0x00000000038066b4                vexEventMaskSet
 .text.vexEventMaskGet
                0x00000000038066dc       0x18 /Applications/VEXcode Pro V5.app/Contents/Resources/sdk/vexv5/libv5rt.a(v5_apiuser.c.obj)
                0x00000000038066dc                vexEventMaskGet
 .text._ZN3vex6deviceD2Ev
                0x00000000038066f4        0x4 /Applications/VEXcode Pro V5.app/Contents/Resources/sdk/vexv5/libv5rt.a(vex_device.cpp.obj)
                0x00000000038066f4                vex::device::~device()
                0x00000000038066f4                vex::device::~device()
 .text._ZN3vex6device5valueEv
                0x00000000038066f8        0x8 /Applications/VEXcode Pro V5.app/Contents/Resources/sdk/vexv5/libv5rt.a(vex_device.cpp.obj)
                0x00000000038066f8                vex::device::value()
 .text._ZN3vex6deviceD0Ev
                0x0000000003806700       0x14 /Applications/VEXcode Pro V5.app/Contents/Resources/sdk/vexv5/libv5rt.a(vex_device.cpp.obj)
                0x0000000003806700                vex::device::~device()
 .text._ZN3vex6device4initEl
                0x0000000003806714       0x30 /Applications/VEXcode Pro V5.app/Contents/Resources/sdk/vexv5/libv5rt.a(vex_device.cpp.obj)
                0x0000000003806714                vex::device::init(long)
 .text._ZN3vex6deviceC2El
                0x0000000003806744       0x20 /Applications/VEXcode Pro V5.app/Contents/Resources/sdk/vexv5/libv5rt.a(vex_device.cpp.obj)
                0x0000000003806744                vex::device::device(long)
                0x0000000003806744                vex::device::device(long)
 .text._ZN3vex6device4typeEv
                0x0000000003806764       0x10 /Applications/VEXcode Pro V5.app/Contents/Resources/sdk/vexv5/libv5rt.a(vex_device.cpp.obj)
                0x0000000003806764                vex::device::type()
 .text._ZN3vex6device9installedEv
                0x0000000003806774       0x14 /Applications/VEXcode Pro V5.app/Contents/Resources/sdk/vexv5/libv5rt.a(vex_device.cpp.obj)
                0x0000000003806774                vex::device::installed()
 .text._ZN3vex4taskC2EPFivE
                0x0000000003806788       0x5c /Applications/VEXcode Pro V5.app/Contents/Resources/sdk/vexv5/libv5rt.a(vex_task.cpp.obj)
                0x0000000003806788                vex::task::task(int (*)())
                0x0000000003806788                vex::task::task(int (*)())
 .text._ZN3vex4taskD2Ev
                0x00000000038067e4        0x4 /Applications/VEXcode Pro V5.app/Contents/Resources/sdk/vexv5/libv5rt.a(vex_task.cpp.obj)
                0x00000000038067e4                vex::task::~task()
                0x00000000038067e4                vex::task::~task()
 .text._ZN3vex4task4stopERKS0_
                0x00000000038067e8       0x18 /Applications/VEXcode Pro V5.app/Contents/Resources/sdk/vexv5/libv5rt.a(vex_task.cpp.obj)
                0x00000000038067e8                vex::task::stop(vex::task const&)
 .text._ZN3vex4task6_indexEPFivE
                0x0000000003806800       0x14 /Applications/VEXcode Pro V5.app/Contents/Resources/sdk/vexv5/libv5rt.a(vex_task.cpp.obj)
                0x0000000003806800                vex::task::_index(int (*)())
 .text._ZN3vex4task8_stopAllEv
                0x0000000003806814       0x3c /Applications/VEXcode Pro V5.app/Contents/Resources/sdk/vexv5/libv5rt.a(vex_task.cpp.obj)
                0x0000000003806814                vex::task::_stopAll()
 .text._ZNK10__cxxabiv117__class_type_info11__do_upcastEPKS0_PPv
                0x0000000003806850       0x38 /Applications/VEXcode Pro V5.app/Contents/Resources/sdk/vexv5/gcc/libs/libstdc++.a(class_type_info.o)
                0x0000000003806850                __cxxabiv1::__class_type_info::__do_upcast(__cxxabiv1::__class_type_info const*, void**) const
 .text._ZNK10__cxxabiv117__class_type_info20__do_find_public_srcEiPKvPKS0_S2_
                0x0000000003806888        0xc /Applications/VEXcode Pro V5.app/Contents/Resources/sdk/vexv5/gcc/libs/libstdc++.a(class_type_info.o)
                0x0000000003806888                __cxxabiv1::__class_type_info::__do_find_public_src(int, void const*, __cxxabiv1::__class_type_info const*, void const*) const
 .text._ZN10__cxxabiv117__class_type_infoD2Ev
                0x0000000003806894       0x14 /Applications/VEXcode Pro V5.app/Contents/Resources/sdk/vexv5/gcc/libs/libstdc++.a(class_type_info.o)
                0x0000000003806894                __cxxabiv1::__class_type_info::~__class_type_info()
                0x0000000003806894                __cxxabiv1::__class_type_info::~__class_type_info()
 .text._ZN10__cxxabiv117__class_type_infoD0Ev
                0x00000000038068a8       0x1c /Applications/VEXcode Pro V5.app/Contents/Resources/sdk/vexv5/gcc/libs/libstdc++.a(class_type_info.o)
                0x00000000038068a8                __cxxabiv1::__class_type_info::~__class_type_info()
 .text._ZNK10__cxxabiv117__class_type_info11__do_upcastEPKS0_PKvRNS0_15__upcast_resultE
                0x00000000038068c4       0x18 /Applications/VEXcode Pro V5.app/Contents/Resources/sdk/vexv5/gcc/libs/libstdc++.a(class_type_info.o)
                0x00000000038068c4                __cxxabiv1::__class_type_info::__do_upcast(__cxxabiv1::__class_type_info const*, void const*, __cxxabiv1::__class_type_info::__upcast_result&) const
 .text._ZNK10__cxxabiv117__class_type_info10__do_catchEPKSt9type_infoPPvj
                0x00000000038068dc       0x2c /Applications/VEXcode Pro V5.app/Contents/Resources/sdk/vexv5/gcc/libs/libstdc++.a(class_type_info.o)
                0x00000000038068dc                __cxxabiv1::__class_type_info::__do_catch(std::type_info const*, void**, unsigned int) const
 .text._ZNK10__cxxabiv117__class_type_info12__do_dyncastEiNS0_10__sub_kindEPKS0_PKvS3_S5_RNS0_16__dyncast_resultE
                0x0000000003806908       0x40 /Applications/VEXcode Pro V5.app/Contents/Resources/sdk/vexv5/gcc/libs/libstdc++.a(class_type_info.o)
                0x0000000003806908                __cxxabiv1::__class_type_info::__do_dyncast(int, __cxxabiv1::__class_type_info::__sub_kind, __cxxabiv1::__class_type_info const*, void const*, __cxxabiv1::__class_type_info const*, void const*, __cxxabiv1::__class_type_info::__dyncast_result&) const
 .text._ZN10__cxxabiv120__si_class_type_infoD2Ev
                0x0000000003806948       0x14 /Applications/VEXcode Pro V5.app/Contents/Resources/sdk/vexv5/gcc/libs/libstdc++.a(si_class_type_info.o)
                0x0000000003806948                __cxxabiv1::__si_class_type_info::~__si_class_type_info()
                0x0000000003806948                __cxxabiv1::__si_class_type_info::~__si_class_type_info()
 .text._ZN10__cxxabiv120__si_class_type_infoD0Ev
                0x000000000380695c       0x1c /Applications/VEXcode Pro V5.app/Contents/Resources/sdk/vexv5/gcc/libs/libstdc++.a(si_class_type_info.o)
                0x000000000380695c                __cxxabiv1::__si_class_type_info::~__si_class_type_info()
 .text._ZNK10__cxxabiv120__si_class_type_info20__do_find_public_srcEiPKvPKNS_17__class_type_infoES2_
                0x0000000003806978       0x3c /Applications/VEXcode Pro V5.app/Contents/Resources/sdk/vexv5/gcc/libs/libstdc++.a(si_class_type_info.o)
                0x0000000003806978                __cxxabiv1::__si_class_type_info::__do_find_public_src(int, void const*, __cxxabiv1::__class_type_info const*, void const*) const
 .text._ZNK10__cxxabiv120__si_class_type_info12__do_dyncastEiNS_17__class_type_info10__sub_kindEPKS1_PKvS4_S6_RNS1_16__dyncast_resultE
                0x00000000038069b4       0x8c /Applications/VEXcode Pro V5.app/Contents/Resources/sdk/vexv5/gcc/libs/libstdc++.a(si_class_type_info.o)
                0x00000000038069b4                __cxxabiv1::__si_class_type_info::__do_dyncast(int, __cxxabiv1::__class_type_info::__sub_kind, __cxxabiv1::__class_type_info const*, void const*, __cxxabiv1::__class_type_info const*, void const*, __cxxabiv1::__class_type_info::__dyncast_result&) const
 .text._ZNK10__cxxabiv120__si_class_type_info11__do_upcastEPKNS_17__class_type_infoEPKvRNS1_15__upcast_resultE
                0x0000000003806a40       0x2c /Applications/VEXcode Pro V5.app/Contents/Resources/sdk/vexv5/gcc/libs/libstdc++.a(si_class_type_info.o)
                0x0000000003806a40                __cxxabiv1::__si_class_type_info::__do_upcast(__cxxabiv1::__class_type_info const*, void const*, __cxxabiv1::__class_type_info::__upcast_result&) const
 .text._ZNSt9type_infoD2Ev
                0x0000000003806a6c        0x4 /Applications/VEXcode Pro V5.app/Contents/Resources/sdk/vexv5/gcc/libs/libstdc++.a(tinfo.o)
                0x0000000003806a6c                std::type_info::~type_info()
                0x0000000003806a6c                std::type_info::~type_info()
 .text._ZNKSt9type_info14__is_pointer_pEv
                0x0000000003806a70        0x4 /Applications/VEXcode Pro V5.app/Contents/Resources/sdk/vexv5/gcc/libs/libstdc++.a(tinfo.o)
                0x0000000003806a70                std::type_info::__is_pointer_p() const
 .text._ZNKSt9type_info15__is_function_pEv
                0x0000000003806a74        0x4 /Applications/VEXcode Pro V5.app/Contents/Resources/sdk/vexv5/gcc/libs/libstdc++.a(tinfo.o)
                0x0000000003806a74                std::type_info::__is_function_p() const
 .text._ZNKSt9type_infoeqERKS_
                0x0000000003806a78       0x2c /Applications/VEXcode Pro V5.app/Contents/Resources/sdk/vexv5/gcc/libs/libstdc++.a(tinfo.o)
                0x0000000003806a78                std::type_info::operator==(std::type_info const&) const
 .text._ZNSt8ios_base17_M_call_callbacksENS_5eventE
                0x0000000003806aa4       0x34 /Applications/VEXcode Pro V5.app/Contents/Resources/sdk/vexv5/gcc/libs/libstdc++.a(ios.o)
                0x0000000003806aa4                std::ios_base::_M_call_callbacks(std::ios_base::event)
 .text._ZNSt8ios_base20_M_dispose_callbacksEv
                0x0000000003806ad8       0x2c /Applications/VEXcode Pro V5.app/Contents/Resources/sdk/vexv5/gcc/libs/libstdc++.a(ios.o)
                0x0000000003806ad8                std::ios_base::_M_dispose_callbacks()
 .text._ZNSt8ios_baseD2Ev
                0x0000000003806b04       0x38 /Applications/VEXcode Pro V5.app/Contents/Resources/sdk/vexv5/gcc/libs/libstdc++.a(ios.o)
                0x0000000003806b04                std::ios_base::~ios_base()
                0x0000000003806b04                std::ios_base::~ios_base()
 .text._ZNSt8ios_baseD0Ev
                0x0000000003806b3c       0x14 /Applications/VEXcode Pro V5.app/Contents/Resources/sdk/vexv5/gcc/libs/libstdc++.a(ios.o)
                0x0000000003806b3c                std::ios_base::~ios_base()
 .text._ZN10__cxxabiv121__vmi_class_type_infoD2Ev
                0x0000000003806b50       0x14 /Applications/VEXcode Pro V5.app/Contents/Resources/sdk/vexv5/gcc/libs/libstdc++.a(vmi_class_type_info.o)
                0x0000000003806b50                __cxxabiv1::__vmi_class_type_info::~__vmi_class_type_info()
                0x0000000003806b50                __cxxabiv1::__vmi_class_type_info::~__vmi_class_type_info()
 .text._ZN10__cxxabiv121__vmi_class_type_infoD0Ev
                0x0000000003806b64       0x1c /Applications/VEXcode Pro V5.app/Contents/Resources/sdk/vexv5/gcc/libs/libstdc++.a(vmi_class_type_info.o)
                0x0000000003806b64                __cxxabiv1::__vmi_class_type_info::~__vmi_class_type_info()
 .text._ZNK10__cxxabiv121__vmi_class_type_info20__do_find_public_srcEiPKvPKNS_17__class_type_infoES2_
                0x0000000003806b80       0x8c /Applications/VEXcode Pro V5.app/Contents/Resources/sdk/vexv5/gcc/libs/libstdc++.a(vmi_class_type_info.o)
                0x0000000003806b80                __cxxabiv1::__vmi_class_type_info::__do_find_public_src(int, void const*, __cxxabiv1::__class_type_info const*, void const*) const
 .text._ZNK10__cxxabiv121__vmi_class_type_info12__do_dyncastEiNS_17__class_type_info10__sub_kindEPKS1_PKvS4_S6_RNS1_16__dyncast_resultE
                0x0000000003806c0c      0x380 /Applications/VEXcode Pro V5.app/Contents/Resources/sdk/vexv5/gcc/libs/libstdc++.a(vmi_class_type_info.o)
                0x0000000003806c0c                __cxxabiv1::__vmi_class_type_info::__do_dyncast(int, __cxxabiv1::__class_type_info::__sub_kind, __cxxabiv1::__class_type_info const*, void const*, __cxxabiv1::__class_type_info const*, void const*, __cxxabiv1::__class_type_info::__dyncast_result&) const
 .text._ZNK10__cxxabiv121__vmi_class_type_info11__do_upcastEPKNS_17__class_type_infoEPKvRNS1_15__upcast_resultE
                0x0000000003806f8c      0x164 /Applications/VEXcode Pro V5.app/Contents/Resources/sdk/vexv5/gcc/libs/libstdc++.a(vmi_class_type_info.o)
                0x0000000003806f8c                __cxxabiv1::__vmi_class_type_info::__do_upcast(__cxxabiv1::__class_type_info const*, void const*, __cxxabiv1::__class_type_info::__upcast_result&) const
 .text.__aeabi_memcpy
                0x00000000038070f0        0x4 /Applications/VEXcode Pro V5.app/Contents/Resources/sdk/vexv5/gcc/libs/libc.a(lib_a-aeabi_memcpy.o)
                0x00000000038070f0                __aeabi_memcpy4
                0x00000000038070f0                __aeabi_memcpy
                0x00000000038070f0                __aeabi_memcpy8
 .text.exit     0x00000000038070f4       0x20 /Applications/VEXcode Pro V5.app/Contents/Resources/sdk/vexv5/gcc/libs/libc.a(lib_a-exit.o)
                0x00000000038070f4                exit
 .text.__libc_fini_array
                0x0000000003807114       0x30 /Applications/VEXcode Pro V5.app/Contents/Resources/sdk/vexv5/gcc/libs/libc.a(lib_a-fini.o)
                0x0000000003807114                __libc_fini_array
 .text.__libc_init_array
                0x0000000003807144       0x58 /Applications/VEXcode Pro V5.app/Contents/Resources/sdk/vexv5/gcc/libs/libc.a(lib_a-init.o)
                0x0000000003807144                __libc_init_array
 .text.memcpy   0x000000000380719c       0xa8 /Applications/VEXcode Pro V5.app/Contents/Resources/sdk/vexv5/gcc/libs/libc.a(lib_a-memcpy.o)
                0x000000000380719c                memcpy
 .text.startup.register_fini
                0x0000000003807244       0x18 /Applications/VEXcode Pro V5.app/Contents/Resources/sdk/vexv5/gcc/libs/libc.a(lib_a-__call_atexit.o)
 .text.__call_exitprocs
                0x000000000380725c       0xe4 /Applications/VEXcode Pro V5.app/Contents/Resources/sdk/vexv5/gcc/libs/libc.a(lib_a-__call_atexit.o)
                0x000000000380725c                __call_exitprocs
 .text.__call_exitprocs.__stub
                0x0000000003807340       0x20 linker stubs
 *(.gnu.linkonce.t.*)
 *(.plt)
 *(.gnu_warning)
 *(.gcc_except_table)
 *(.glue_7)
 .glue_7        0x0000000003807360        0x0 linker stubs
 *(.glue_7t)
 .glue_7t       0x0000000003807360        0x0 linker stubs
 *(.vfp11_veneer)
 .vfp11_veneer  0x0000000003807360        0x0 linker stubs
 *(.ARM.extab)
 *(.gnu.linkonce.armextab.*)

.v4_bx          0x0000000003807360        0x0
 .v4_bx         0x0000000003807360        0x0 linker stubs

.iplt           0x0000000003807360        0x0
 .iplt          0x0000000003807360        0x0 build/src/main.o

.init
 *(.init)

.fini
 *(.fini)

.rodata         0x0000000003807360      0x7f4
                0x0000000003807360                __rodata_start = .
 *(.rodata)
 *(.rodata.*)
 .rodata.str1.1
                0x0000000003807360      0x2ed build/src/main.o
                                        0x2fa (size before relaxing)
 .rodata.str1.1
                0x000000000380764d       0x2e /Applications/VEXcode Pro V5.app/Contents/Resources/sdk/vexv5/libv5rt.a(v5_startup.c.obj)
 *fill*         0x000000000380767b        0x1 
 .rodata._ZN3vex5PORT3E
                0x000000000380767c        0x4 /Applications/VEXcode Pro V5.app/Contents/Resources/sdk/vexv5/libv5rt.a(vex_global.cpp.obj)
                0x000000000380767c                vex::PORT3
 .rodata._ZN3vex5PORT1E
                0x0000000003807680        0x4 /Applications/VEXcode Pro V5.app/Contents/Resources/sdk/vexv5/libv5rt.a(vex_global.cpp.obj)
                0x0000000003807680                vex::PORT1
 .rodata._ZN3vex7reverseE
                0x0000000003807684        0x4 /Applications/VEXcode Pro V5.app/Contents/Resources/sdk/vexv5/libv5rt.a(vex_global.cpp.obj)
                0x0000000003807684                vex::reverse
 .rodata._ZN3vex5PORT5E
                0x0000000003807688        0x4 /Applications/VEXcode Pro V5.app/Contents/Resources/sdk/vexv5/libv5rt.a(vex_global.cpp.obj)
                0x0000000003807688                vex::PORT5
 .rodata._ZN3vex7forwardE
                0x000000000380768c        0x4 /Applications/VEXcode Pro V5.app/Contents/Resources/sdk/vexv5/libv5rt.a(vex_global.cpp.obj)
                0x000000000380768c                vex::forward
 .rodata._ZN3vex5PORT2E
                0x0000000003807690        0x4 /Applications/VEXcode Pro V5.app/Contents/Resources/sdk/vexv5/libv5rt.a(vex_global.cpp.obj)
                0x0000000003807690                vex::PORT2
 .rodata._ZN3vex5PORT6E
                0x0000000003807694        0x4 /Applications/VEXcode Pro V5.app/Contents/Resources/sdk/vexv5/libv5rt.a(vex_global.cpp.obj)
                0x0000000003807694                vex::PORT6
 .rodata._ZN3vex7primaryE
                0x0000000003807698        0x4 /Applications/VEXcode Pro V5.app/Contents/Resources/sdk/vexv5/libv5rt.a(vex_global.cpp.obj)
                0x0000000003807698                vex::primary
 .rodata._ZN3vex6PORT22E
                0x000000000380769c        0x4 /Applications/VEXcode Pro V5.app/Contents/Resources/sdk/vexv5/libv5rt.a(vex_global.cpp.obj)
                0x000000000380769c                vex::PORT22
 .rodata._ZN3vex5PORT7E
                0x00000000038076a0        0x4 /Applications/VEXcode Pro V5.app/Contents/Resources/sdk/vexv5/libv5rt.a(vex_global.cpp.obj)
                0x00000000038076a0                vex::PORT7
 .rodata._ZN3vex5PORT4E
                0x00000000038076a4        0x4 /Applications/VEXcode Pro V5.app/Contents/Resources/sdk/vexv5/libv5rt.a(vex_global.cpp.obj)
                0x00000000038076a4                vex::PORT4
 .rodata._ZN3vex5PORT8E
                0x00000000038076a8        0x4 /Applications/VEXcode Pro V5.app/Contents/Resources/sdk/vexv5/libv5rt.a(vex_global.cpp.obj)
                0x00000000038076a8                vex::PORT8
 *fill*         0x00000000038076ac        0x4 
 .rodata._ZTVN3vex5motorE
                0x00000000038076b0       0x18 /Applications/VEXcode Pro V5.app/Contents/Resources/sdk/vexv5/libv5rt.a(vex_motor.cpp.obj)
                0x00000000038076b0                vtable for vex::motor
 .rodata._ZTVN3vex6visionE
                0x00000000038076c8       0x18 /Applications/VEXcode Pro V5.app/Contents/Resources/sdk/vexv5/libv5rt.a(vex_vision.cpp.obj)
                0x00000000038076c8                vtable for vex::vision
 .rodata.CSWTCH.16
                0x00000000038076e0        0xb /Applications/VEXcode Pro V5.app/Contents/Resources/sdk/vexv5/libv5rt.a(vex_controller.cpp.obj)
 .rodata.CSWTCH.18
                0x00000000038076eb        0xb /Applications/VEXcode Pro V5.app/Contents/Resources/sdk/vexv5/libv5rt.a(vex_controller.cpp.obj)
 .rodata.CSWTCH.24
                0x00000000038076f6        0x3 /Applications/VEXcode Pro V5.app/Contents/Resources/sdk/vexv5/libv5rt.a(vex_controller.cpp.obj)
 .rodata.str1.1
                0x00000000038076f9       0x2d /Applications/VEXcode Pro V5.app/Contents/Resources/sdk/vexv5/libv5rt.a(vex_brain.cpp.obj)
 .rodata.CSWTCH.36
                0x0000000003807726       0x10 /Applications/VEXcode Pro V5.app/Contents/Resources/sdk/vexv5/libv5rt.a(vex_triport.cpp.obj)
 *fill*         0x0000000003807736        0x2 
 .rodata._ZTVN3vex7triportE
                0x0000000003807738       0x18 /Applications/VEXcode Pro V5.app/Contents/Resources/sdk/vexv5/libv5rt.a(vex_triport.cpp.obj)
                0x0000000003807738                vtable for vex::triport
 .rodata.CSWTCH.31
                0x0000000003807750        0xe /Applications/VEXcode Pro V5.app/Contents/Resources/sdk/vexv5/libv5rt.a(vex_triport.cpp.obj)
 *fill*         0x000000000380775e        0x2 
 .rodata._ZTVN3vex6deviceE
                0x0000000003807760       0x18 /Applications/VEXcode Pro V5.app/Contents/Resources/sdk/vexv5/libv5rt.a(vex_device.cpp.obj)
                0x0000000003807760                vtable for vex::device
 .rodata.str1.1
                0x0000000003807778       0x14 /Applications/VEXcode Pro V5.app/Contents/Resources/sdk/vexv5/libv5rt.a(vex_task.cpp.obj)
 *fill*         0x000000000380778c        0x4 
 .rodata._ZTCSt18basic_stringstreamIcSt11char_traitsIcESaIcEE8_So
                0x0000000003807790       0x28 /Applications/VEXcode Pro V5.app/Contents/Resources/sdk/vexv5/gcc/libs/libstdc++.a(sstream-inst.o)
                0x0000000003807790                construction vtable for std::ostream-in-std::basic_stringstream<char, std::char_traits<char>, std::allocator<char> >
 .rodata._ZTCSt18basic_stringstreamIcSt11char_traitsIcESaIcEE0_Si
                0x00000000038077b8       0x28 /Applications/VEXcode Pro V5.app/Contents/Resources/sdk/vexv5/gcc/libs/libstdc++.a(sstream-inst.o)
                0x00000000038077b8                construction vtable for std::istream-in-std::basic_stringstream<char, std::char_traits<char>, std::allocator<char> >
 .rodata._ZTCSt18basic_stringstreamIcSt11char_traitsIcESaIcEE0_Sd
                0x00000000038077e0       0x3c /Applications/VEXcode Pro V5.app/Contents/Resources/sdk/vexv5/gcc/libs/libstdc++.a(sstream-inst.o)
                0x00000000038077e0                construction vtable for std::iostream-in-std::basic_stringstream<char, std::char_traits<char>, std::allocator<char> >
 *fill*         0x000000000380781c        0x4 
 .rodata._ZTTSt18basic_stringstreamIcSt11char_traitsIcESaIcEE
                0x0000000003807820       0x28 /Applications/VEXcode Pro V5.app/Contents/Resources/sdk/vexv5/gcc/libs/libstdc++.a(sstream-inst.o)
                0x0000000003807820                VTT for std::basic_stringstream<char, std::char_traits<char>, std::allocator<char> >
 .rodata._ZTVSt18basic_stringstreamIcSt11char_traitsIcESaIcEE
                0x0000000003807848       0x3c /Applications/VEXcode Pro V5.app/Contents/Resources/sdk/vexv5/gcc/libs/libstdc++.a(sstream-inst.o)
                0x0000000003807848                vtable for std::basic_stringstream<char, std::char_traits<char>, std::allocator<char> >
 .rodata._ZTISt18basic_stringstreamIcSt11char_traitsIcESaIcEE
                0x0000000003807884        0xc /Applications/VEXcode Pro V5.app/Contents/Resources/sdk/vexv5/gcc/libs/libstdc++.a(sstream-inst.o)
                0x0000000003807884                typeinfo for std::basic_stringstream<char, std::char_traits<char>, std::allocator<char> >
 .rodata._ZTSSt18basic_stringstreamIcSt11char_traitsIcESaIcEE
                0x0000000003807890       0x31 /Applications/VEXcode Pro V5.app/Contents/Resources/sdk/vexv5/gcc/libs/libstdc++.a(sstream-inst.o)
                0x0000000003807890                typeinfo name for std::basic_stringstream<char, std::char_traits<char>, std::allocator<char> >
 *fill*         0x00000000038078c1        0x7 
 .rodata._ZTCSt14basic_ofstreamIcSt11char_traitsIcEE0_So
                0x00000000038078c8       0x28 /Applications/VEXcode Pro V5.app/Contents/Resources/sdk/vexv5/gcc/libs/libstdc++.a(fstream-inst.o)
                0x00000000038078c8                construction vtable for std::ostream-in-std::basic_ofstream<char, std::char_traits<char> >
 .rodata._ZTTSt14basic_ofstreamIcSt11char_traitsIcEE
                0x00000000038078f0       0x10 /Applications/VEXcode Pro V5.app/Contents/Resources/sdk/vexv5/gcc/libs/libstdc++.a(fstream-inst.o)
                0x00000000038078f0                VTT for std::basic_ofstream<char, std::char_traits<char> >
 .rodata._ZTVSt14basic_ofstreamIcSt11char_traitsIcEE
                0x0000000003807900       0x28 /Applications/VEXcode Pro V5.app/Contents/Resources/sdk/vexv5/gcc/libs/libstdc++.a(fstream-inst.o)
                0x0000000003807900                vtable for std::basic_ofstream<char, std::char_traits<char> >
 .rodata._ZTISt14basic_ofstreamIcSt11char_traitsIcEE
                0x0000000003807928        0xc /Applications/VEXcode Pro V5.app/Contents/Resources/sdk/vexv5/gcc/libs/libstdc++.a(fstream-inst.o)
                0x0000000003807928                typeinfo for std::basic_ofstream<char, std::char_traits<char> >
 .rodata._ZTSSt14basic_ofstreamIcSt11char_traitsIcEE
                0x0000000003807934       0x28 /Applications/VEXcode Pro V5.app/Contents/Resources/sdk/vexv5/gcc/libs/libstdc++.a(fstream-inst.o)
                0x0000000003807934                typeinfo name for std::basic_ofstream<char, std::char_traits<char> >
 *fill*         0x000000000380795c        0x4 
 .rodata._ZTVN10__cxxabiv117__class_type_infoE
                0x0000000003807960       0x2c /Applications/VEXcode Pro V5.app/Contents/Resources/sdk/vexv5/gcc/libs/libstdc++.a(class_type_info.o)
                0x0000000003807960                vtable for __cxxabiv1::__class_type_info
 .rodata._ZTIN10__cxxabiv117__class_type_infoE
                0x000000000380798c        0xc /Applications/VEXcode Pro V5.app/Contents/Resources/sdk/vexv5/gcc/libs/libstdc++.a(class_type_info.o)
                0x000000000380798c                typeinfo for __cxxabiv1::__class_type_info
 .rodata._ZTSN10__cxxabiv117__class_type_infoE
                0x0000000003807998       0x22 /Applications/VEXcode Pro V5.app/Contents/Resources/sdk/vexv5/gcc/libs/libstdc++.a(class_type_info.o)
                0x0000000003807998                typeinfo name for __cxxabiv1::__class_type_info
 *fill*         0x00000000038079ba        0x6 
 .rodata._ZTVN10__cxxabiv120__si_class_type_infoE
                0x00000000038079c0       0x2c /Applications/VEXcode Pro V5.app/Contents/Resources/sdk/vexv5/gcc/libs/libstdc++.a(si_class_type_info.o)
                0x00000000038079c0                vtable for __cxxabiv1::__si_class_type_info
 .rodata._ZTIN10__cxxabiv120__si_class_type_infoE
                0x00000000038079ec        0xc /Applications/VEXcode Pro V5.app/Contents/Resources/sdk/vexv5/gcc/libs/libstdc++.a(si_class_type_info.o)
                0x00000000038079ec                typeinfo for __cxxabiv1::__si_class_type_info
 .rodata._ZTSN10__cxxabiv120__si_class_type_infoE
                0x00000000038079f8       0x25 /Applications/VEXcode Pro V5.app/Contents/Resources/sdk/vexv5/gcc/libs/libstdc++.a(si_class_type_info.o)
                0x00000000038079f8                typeinfo name for __cxxabiv1::__si_class_type_info
 *fill*         0x0000000003807a1d        0x3 
 .rodata._ZTISt9type_info
                0x0000000003807a20        0x8 /Applications/VEXcode Pro V5.app/Contents/Resources/sdk/vexv5/gcc/libs/libstdc++.a(tinfo.o)
                0x0000000003807a20                typeinfo for std::type_info
 .rodata._ZTSSt9type_info
                0x0000000003807a28        0xd /Applications/VEXcode Pro V5.app/Contents/Resources/sdk/vexv5/gcc/libs/libstdc++.a(tinfo.o)
                0x0000000003807a28                typeinfo name for std::type_info
 *fill*         0x0000000003807a35        0x3 
 .rodata._ZTISt9basic_iosIcSt11char_traitsIcEE
                0x0000000003807a38        0xc /Applications/VEXcode Pro V5.app/Contents/Resources/sdk/vexv5/gcc/libs/libstdc++.a(ios-inst.o)
                0x0000000003807a38                typeinfo for std::basic_ios<char, std::char_traits<char> >
 .rodata._ZTSSt9basic_iosIcSt11char_traitsIcEE
                0x0000000003807a44       0x22 /Applications/VEXcode Pro V5.app/Contents/Resources/sdk/vexv5/gcc/libs/libstdc++.a(ios-inst.o)
                0x0000000003807a44                typeinfo name for std::basic_ios<char, std::char_traits<char> >
 *fill*         0x0000000003807a66        0x2 
 .rodata._ZTVSt8ios_base
                0x0000000003807a68       0x10 /Applications/VEXcode Pro V5.app/Contents/Resources/sdk/vexv5/gcc/libs/libstdc++.a(ios.o)
                0x0000000003807a68                vtable for std::ios_base
 .rodata._ZTISt8ios_base
                0x0000000003807a78        0x8 /Applications/VEXcode Pro V5.app/Contents/Resources/sdk/vexv5/gcc/libs/libstdc++.a(ios.o)
                0x0000000003807a78                typeinfo for std::ios_base
 .rodata._ZTSSt8ios_base
                0x0000000003807a80        0xc /Applications/VEXcode Pro V5.app/Contents/Resources/sdk/vexv5/gcc/libs/libstdc++.a(ios.o)
                0x0000000003807a80                typeinfo name for std::ios_base
 .rodata._ZTISd
                0x0000000003807a8c       0x20 /Applications/VEXcode Pro V5.app/Contents/Resources/sdk/vexv5/gcc/libs/libstdc++.a(iostream-inst.o)
                0x0000000003807a8c                typeinfo for std::iostream
 .rodata._ZTSSd
                0x0000000003807aac        0x3 /Applications/VEXcode Pro V5.app/Contents/Resources/sdk/vexv5/gcc/libs/libstdc++.a(iostream-inst.o)
                0x0000000003807aac                typeinfo name for std::iostream
 *fill*         0x0000000003807aaf        0x1 
 .rodata._ZTISi
                0x0000000003807ab0       0x18 /Applications/VEXcode Pro V5.app/Contents/Resources/sdk/vexv5/gcc/libs/libstdc++.a(istream-inst.o)
                0x0000000003807ab0                typeinfo for std::istream
 .rodata._ZTSSi
                0x0000000003807ac8        0x3 /Applications/VEXcode Pro V5.app/Contents/Resources/sdk/vexv5/gcc/libs/libstdc++.a(istream-inst.o)
                0x0000000003807ac8                typeinfo name for std::istream
 *fill*         0x0000000003807acb        0x1 
 .rodata._ZTISo
                0x0000000003807acc       0x18 /Applications/VEXcode Pro V5.app/Contents/Resources/sdk/vexv5/gcc/libs/libstdc++.a(ostream-inst.o)
                0x0000000003807acc                typeinfo for std::ostream
 .rodata._ZTSSo
                0x0000000003807ae4        0x3 /Applications/VEXcode Pro V5.app/Contents/Resources/sdk/vexv5/gcc/libs/libstdc++.a(ostream-inst.o)
                0x0000000003807ae4                typeinfo name for std::ostream
 *fill*         0x0000000003807ae7        0x1 
 .rodata._ZTIN10__cxxabiv121__vmi_class_type_infoE
                0x0000000003807ae8        0xc /Applications/VEXcode Pro V5.app/Contents/Resources/sdk/vexv5/gcc/libs/libstdc++.a(vmi_class_type_info.o)
                0x0000000003807ae8                typeinfo for __cxxabiv1::__vmi_class_type_info
 .rodata._ZTSN10__cxxabiv121__vmi_class_type_infoE
                0x0000000003807af4       0x26 /Applications/VEXcode Pro V5.app/Contents/Resources/sdk/vexv5/gcc/libs/libstdc++.a(vmi_class_type_info.o)
                0x0000000003807af4                typeinfo name for __cxxabiv1::__vmi_class_type_info
 *fill*         0x0000000003807b1a        0x6 
 .rodata._ZTVN10__cxxabiv121__vmi_class_type_infoE
                0x0000000003807b20       0x2c /Applications/VEXcode Pro V5.app/Contents/Resources/sdk/vexv5/gcc/libs/libstdc++.a(vmi_class_type_info.o)
                0x0000000003807b20                vtable for __cxxabiv1::__vmi_class_type_info
 .rodata.str1.4
                0x0000000003807b4c        0x4 /Applications/VEXcode Pro V5.app/Contents/Resources/sdk/vexv5/gcc/libs/libc.a(lib_a-impure.o)
                                          0x2 (size before relaxing)
 .rodata._global_impure_ptr
                0x0000000003807b50        0x4 /Applications/VEXcode Pro V5.app/Contents/Resources/sdk/vexv5/gcc/libs/libc.a(lib_a-impure.o)
                0x0000000003807b50                _global_impure_ptr
 *(.gnu.linkonce.r.*)
                0x0000000003807b54                __rodata_end = .

.ARM.extab.text._ZNSt8ios_base17_M_call_callbacksENS_5eventE
                0x0000000003807b54       0x28
 .ARM.extab.text._ZNSt8ios_base17_M_call_callbacksENS_5eventE
                0x0000000003807b54       0x28 /Applications/VEXcode Pro V5.app/Contents/Resources/sdk/vexv5/gcc/libs/libstdc++.a(ios.o)

.rodata1        0x0000000003807b7c        0x0
                0x0000000003807b7c                __rodata1_start = .
 *(.rodata1)
 *(.rodata1.*)
                0x0000000003807b7c                __rodata1_end = .

.sdata2         0x0000000003807b7c        0x0
                0x0000000003807b7c                __sdata2_start = .
 *(.sdata2)
 *(.sdata2.*)
 *(.gnu.linkonce.s2.*)
                0x0000000003807b7c                __sdata2_end = .

.sbss2          0x0000000003807b7c        0x0
                0x0000000003807b7c                __sbss2_start = .
 *(.sbss2)
 *(.sbss2.*)
 *(.gnu.linkonce.sb2.*)
                0x0000000003807b7c                __sbss2_end = .

.data           0x0000000003807b80      0x43c
                0x0000000003807b80                __data_start = .
 *(.data)
 *(.data.*)
 .data.scctl    0x0000000003807b80        0x1 build/src/main.o
                0x0000000003807b80                scctl
 *fill*         0x0000000003807b81        0x3 
 .data.appRunning
                0x0000000003807b84        0x4 /Applications/VEXcode Pro V5.app/Contents/Resources/sdk/vexv5/libv5rt.a(v5_startup.c.obj)
                0x0000000003807b84                appRunning
 .data.__yoff   0x0000000003807b88        0x4 /Applications/VEXcode Pro V5.app/Contents/Resources/sdk/vexv5/libv5rt.a(v5_apijump.c.obj)
 .data._ZN3vex24__default_motor_velocityE
                0x0000000003807b8c        0x4 /Applications/VEXcode Pro V5.app/Contents/Resources/sdk/vexv5/libv5rt.a(vex_motor.cpp.obj)
                0x0000000003807b8c                vex::__default_motor_velocity
 .data.impure_data
                0x0000000003807b90      0x428 /Applications/VEXcode Pro V5.app/Contents/Resources/sdk/vexv5/gcc/libs/libc.a(lib_a-impure.o)
 .data._impure_ptr
                0x0000000003807fb8        0x4 /Applications/VEXcode Pro V5.app/Contents/Resources/sdk/vexv5/gcc/libs/libc.a(lib_a-impure.o)
                0x0000000003807fb8                _impure_ptr
 *(.gnu.linkonce.d.*)
 *(.jcr)
 *(.got)
 *(.got.plt)
                0x0000000003807fbc                __data_end = .

.igot.plt       0x0000000003807fbc        0x0
 .igot.plt      0x0000000003807fbc        0x0 build/src/main.o

.data1          0x0000000003807fbc        0x0
                0x0000000003807fbc                __data1_start = .
 *(.data1)
 *(.data1.*)
                0x0000000003807fbc                __data1_end = .

.got
 *(.got)

.ctors          0x0000000003807fbc        0x0
                0x0000000003807fbc                __CTOR_LIST__ = .
                0x0000000003807fbc                ___CTORS_LIST___ = .
 *crtbegin.o(.ctors)
 *(EXCLUDE_FILE(*crtend.o) .ctors)
 *(SORT_BY_NAME(.ctors.*))
 *(.ctors)
                0x0000000003807fbc                __CTOR_END__ = .
                0x0000000003807fbc                ___CTORS_END___ = .

.dtors          0x0000000003807fbc        0x0
                0x0000000003807fbc                __DTOR_LIST__ = .
                0x0000000003807fbc                ___DTORS_LIST___ = .
 *crtbegin.o(.dtors)
 *(EXCLUDE_FILE(*crtend.o) .dtors)
 *(SORT_BY_NAME(.dtors.*))
 *(.dtors)
                0x0000000003807fbc                __DTOR_END__ = .
                0x0000000003807fbc                ___DTORS_END___ = .

.fixup          0x0000000003807fbc        0x0
                0x0000000003807fbc                __fixup_start = .
 *(.fixup)
                0x0000000003807fbc                __fixup_end = .

.eh_frame
 *(.eh_frame)

.eh_framehdr    0x0000000003807fbc        0x0
                0x0000000003807fbc                __eh_framehdr_start = .
 *(.eh_framehdr)
                0x0000000003807fbc                __eh_framehdr_end = .

.gcc_except_table
 *(.gcc_except_table)

.mmu_tbl        0x0000000003808000        0x0
                0x0000000003808000                __mmu_tbl_start = .
 *(.mmu_tbl)
                0x0000000003808000                __mmu_tbl_end = .

.ARM.exidx      0x0000000003807fbc       0x98
                0x0000000003807fbc                __exidx_start = .
 *(.ARM.exidx*)
 .ARM.exidx.text.__cxx_global_array_dtor
                0x0000000003807fbc        0x8 build/src/main.o
 .ARM.exidx.text.__cxx_global_array_dtor.11
                0x0000000003807fc4        0x0 build/src/main.o
                                          0x8 (size before relaxing)
 .ARM.exidx.text.__cxx_global_array_dtor.13
                0x0000000003807fc4        0x0 build/src/main.o
                                          0x8 (size before relaxing)
 .ARM.exidx.text.__cxx_global_array_dtor.15
                0x0000000003807fc4        0x0 build/src/main.o
                                          0x8 (size before relaxing)
 .ARM.exidx.text.__cxx_global_array_dtor.17
                0x0000000003807fc4        0x0 build/src/main.o
                                          0x8 (size before relaxing)
 .ARM.exidx.text.__cxx_global_array_dtor.19
                0x0000000003807fc4        0x0 build/src/main.o
                                          0x8 (size before relaxing)
 .ARM.exidx.text._ZN15AERemoteControlD2Ev
                0x0000000003807fc4        0x0 build/src/main.o
                                          0x8 (size before relaxing)
 .ARM.exidx.text._ZN14AEMacroControlD2Ev
                0x0000000003807fc4        0x0 build/src/main.o
                                          0x8 (size before relaxing)
 .ARM.exidx.text._Z8toStringi
                0x0000000003807fc4        0x0 build/src/main.o
                                          0x8 (size before relaxing)
 .ARM.exidx.text._Z6globalSs
                0x0000000003807fc4        0x0 build/src/main.o
                                          0x8 (size before relaxing)
 .ARM.exidx.text._ZN15AEScreenControl14setValueOfLineEssSs
                0x0000000003807fc4        0x0 build/src/main.o
                                          0x8 (size before relaxing)
 .ARM.exidx.text._ZN15AEScreenControl13setLinePrefixEiSs
                0x0000000003807fc4        0x0 build/src/main.o
                                          0x8 (size before relaxing)
 .ARM.exidx.text._ZN15AERemoteControl9updateAllEN3vex10controllerE
                0x0000000003807fc4        0x0 build/src/main.o
                                          0x8 (size before relaxing)
 .ARM.exidx.text._Z10remotemodev
                0x0000000003807fc4        0x0 build/src/main.o
                                          0x8 (size before relaxing)
 .ARM.exidx.text._ZN15AEScreenControl11clearScreenEv
                0x0000000003807fc4        0x0 build/src/main.o
                                          0x8 (size before relaxing)
 .ARM.exidx.text._Z19recordMacroSoftwareSs
                0x0000000003807fc4        0x0 build/src/main.o
                                          0x8 (size before relaxing)
 .ARM.exidx.text._ZN14AEMacroControl11recordMacroE15AERemoteControlSs13AEFileControl
                0x0000000003807fc4        0x0 build/src/main.o
                                          0x8 (size before relaxing)
 .ARM.exidx.text._ZN15AERemoteControlC2ERKS_
                0x0000000003807fc4        0x0 build/src/main.o
                                          0x8 (size before relaxing)
 .ARM.exidx.text._ZN15AERemoteControl23onPress_systemTerminateEv
                0x0000000003807fc4        0x0 build/src/main.o
                                          0x8 (size before relaxing)